++========================================
||
||   Package:  ./sbotools/sbotools-3.4.2-noarch-1_SBo.tgz
||
++========================================
drwxr-xr-x root/root         0 2025-02-25 23:03 ./
drwxr-xr-x root/root         0 2025-02-25 23:03 etc/
drwxr-xr-x root/root         0 2025-02-25 23:03 etc/sbotools/
-rw-r--r-- root/root      2040 2025-02-25 23:03 etc/sbotools/sbotools.conf.new
-rw-r--r-- root/root       666 2025-02-25 23:03 etc/sbotools/sbotools.hints.new
drwxr-xr-x root/root         0 2025-02-25 23:03 install/
-rw-r--r-- root/root       930 2025-02-25 23:03 install/doinst.sh
-rw-r--r-- root/root      1055 2025-02-25 23:03 install/slack-desc
drwxr-xr-x root/root         0 2025-02-25 23:03 usr/
drwxr-xr-x root/root         0 2025-02-25 23:03 usr/bin/
drwxr-xr-x root/root         0 2025-02-25 23:03 usr/doc/
drwxr-xr-x root/root         0 2025-02-25 23:03 usr/doc/sbotools-3.4.2/
-rw-r--r-- root/root      1151 2025-02-07 03:16 usr/doc/sbotools-3.4.2/LICENSE
drwxr-xr-x root/root         0 2025-02-25 23:03 usr/doc/sbotools-3.4.2/SBO-Lib/
-rw-r--r-- root/root     14986 2025-02-07 03:16 usr/doc/sbotools-3.4.2/SBO-Lib/Changes
-rw-r--r-- root/root      1674 2025-02-07 03:16 usr/doc/sbotools-3.4.2/SBO-Lib/README
-rw-r--r-- root/root      3156 2025-02-07 03:16 usr/doc/sbotools-3.4.2/THANKS
-rw-r--r-- root/root      4284 2025-02-25 23:03 usr/doc/sbotools-3.4.2/sbotools.SlackBuild
drwxr-xr-x root/root         0 2025-02-25 23:03 usr/man/
drwxr-xr-x root/root         0 2025-02-25 23:03 usr/man/man1/
-rw-r--r-- root/root      1518 2025-02-25 23:03 usr/man/man1/sbocheck.1.gz
-rw-r--r-- root/root      1154 2025-02-25 23:03 usr/man/man1/sboclean.1.gz
-rw-r--r-- root/root      2651 2025-02-25 23:03 usr/man/man1/sboconfig.1.gz
-rw-r--r-- root/root      1203 2025-02-25 23:03 usr/man/man1/sbofind.1.gz
-rw-r--r-- root/root      1321 2025-02-25 23:03 usr/man/man1/sbohints.1.gz
-rw-r--r-- root/root      3014 2025-02-25 23:03 usr/man/man1/sboinstall.1.gz
-rw-r--r-- root/root      1092 2025-02-25 23:03 usr/man/man1/sboremove.1.gz
-rw-r--r-- root/root      1646 2025-02-25 23:03 usr/man/man1/sbotools.1.gz
-rw-r--r-- root/root      2791 2025-02-25 23:03 usr/man/man1/sboupgrade.1.gz
drwxr-xr-x root/root         0 2025-02-25 23:03 usr/man/man3/
-rw-r--r-- root/root      2315 2025-02-25 23:03 usr/man/man3/SBO::Lib.3.gz
-rw-r--r-- root/root      4122 2025-02-25 23:03 usr/man/man3/SBO::Lib::Build.3.gz
-rw-r--r-- root/root      2247 2025-02-25 23:03 usr/man/man3/SBO::Lib::Download.3.gz
-rw-r--r-- root/root      2234 2025-02-25 23:03 usr/man/man3/SBO::Lib::Info.3.gz
-rw-r--r-- root/root      2131 2025-02-25 23:03 usr/man/man3/SBO::Lib::Pkgs.3.gz
-rw-r--r-- root/root      2360 2025-02-25 23:03 usr/man/man3/SBO::Lib::Readme.3.gz
-rw-r--r-- root/root      3747 2025-02-25 23:03 usr/man/man3/SBO::Lib::Repo.3.gz
-rw-r--r-- root/root      1761 2025-02-25 23:03 usr/man/man3/SBO::Lib::Tree.3.gz
-rw-r--r-- root/root      4727 2025-02-25 23:03 usr/man/man3/SBO::Lib::Util.3.gz
drwxr-xr-x root/root         0 2025-02-25 23:03 usr/man/man5/
-rw-r--r-- root/root      2061 2025-02-25 23:03 usr/man/man5/sbotools.conf.5.gz
-rw-r--r-- root/root       745 2025-02-25 23:03 usr/man/man5/sbotools.hints.5.gz
drwxr-xr-x root/root         0 2025-02-25 23:03 usr/sbin/
-rwxr-xr-x root/root      9189 2025-02-25 23:03 usr/sbin/sbocheck
-rwxr-xr-x root/root      3683 2025-02-25 23:03 usr/sbin/sboclean
-rwxr-xr-x root/root     12348 2025-02-25 23:03 usr/sbin/sboconfig
-rwxr-xr-x root/root      6526 2025-02-25 23:03 usr/sbin/sbofind
-rwxr-xr-x root/root     13645 2025-02-25 23:03 usr/sbin/sbohints
-rwxr-xr-x root/root     12975 2025-02-25 23:03 usr/sbin/sboinstall
-rwxr-xr-x root/root       454 2025-02-25 23:03 usr/sbin/sboremove
-rwxr-xr-x root/root      8278 2025-02-25 23:03 usr/sbin/sboupgrade
drwxr-xr-x root/root         0 2025-02-25 23:03 usr/share/
drwxr-xr-x root/root         0 2025-02-25 23:03 usr/share/bash-completion/
drwxr-xr-x root/root         0 2025-02-25 23:03 usr/share/bash-completion/completions/
-rw-r--r-- root/root       825 2025-02-25 23:03 usr/share/bash-completion/completions/sbocheck
-rw-r--r-- root/root      1220 2025-02-25 23:03 usr/share/bash-completion/completions/sboclean
-rw-r--r-- root/root      1807 2025-02-25 23:03 usr/share/bash-completion/completions/sboconfig
-rw-r--r-- root/root       860 2025-02-25 23:03 usr/share/bash-completion/completions/sbofind
-rw-r--r-- root/root      1383 2025-02-25 23:03 usr/share/bash-completion/completions/sbohints
-rw-r--r-- root/root      1886 2025-02-25 23:03 usr/share/bash-completion/completions/sboinstall
-rw-r--r-- root/root      1238 2025-02-25 23:03 usr/share/bash-completion/completions/sboremove
-rw-r--r-- root/root       818 2025-02-25 23:03 usr/share/bash-completion/completions/sbosnap
-rw-r--r-- root/root      1706 2025-02-25 23:03 usr/share/bash-completion/completions/sboupgrade
drwxr-xr-x root/root         0 2025-02-25 23:03 usr/share/perl5/
drwxr-xr-x root/root         0 2025-02-25 23:03 usr/share/perl5/SBO/
drwxr-xr-x root/root         0 2025-02-25 23:03 usr/share/perl5/SBO/App/
-r--r--r-- root/root       516 2025-02-07 03:16 usr/share/perl5/SBO/App.pm
-r--r--r-- root/root      4980 2025-02-07 03:16 usr/share/perl5/SBO/App/Remove.pm
drwxr-xr-x root/root         0 2025-02-25 23:03 usr/share/perl5/SBO/Lib/
-r--r--r-- root/root      4531 2025-02-07 03:16 usr/share/perl5/SBO/Lib.pm
-r--r--r-- root/root     28194 2025-02-07 03:16 usr/share/perl5/SBO/Lib/Build.pm
-r--r--r-- root/root      9324 2025-02-07 03:16 usr/share/perl5/SBO/Lib/Download.pm
-r--r--r-- root/root      9827 2025-02-07 03:16 usr/share/perl5/SBO/Lib/Info.pm
-r--r--r-- root/root      9788 2025-02-07 03:16 usr/share/perl5/SBO/Lib/Pkgs.pm
-r--r--r-- root/root      7736 2025-02-07 03:16 usr/share/perl5/SBO/Lib/Readme.pm
-r--r--r-- root/root     26546 2025-02-07 03:16 usr/share/perl5/SBO/Lib/Repo.pm
-r--r--r-- root/root      4507 2025-02-07 03:16 usr/share/perl5/SBO/Lib/Tree.pm
-r--r--r-- root/root     24033 2025-02-07 03:16 usr/share/perl5/SBO/Lib/Util.pm
drwxr-xr-x root/root         0 2025-02-25 23:03 usr/share/perl5/Sort/
-r--r--r-- root/root      4481 2025-02-07 03:16 usr/share/perl5/Sort/Versions.pm
drwxr-xr-x root/root         0 2025-02-25 23:03 usr/share/zsh/
drwxr-xr-x root/root         0 2025-02-25 23:03 usr/share/zsh/site-functions/
-rw-r--r-- root/root       353 2025-02-25 23:03 usr/share/zsh/site-functions/_sbocheck
-rw-r--r-- root/root       774 2025-02-25 23:03 usr/share/zsh/site-functions/_sboclean
-rw-r--r-- root/root      2625 2025-02-25 23:03 usr/share/zsh/site-functions/_sboconfig
-rw-r--r-- root/root      1276 2025-02-25 23:03 usr/share/zsh/site-functions/_sbofind
-rw-r--r-- root/root      1435 2025-02-25 23:03 usr/share/zsh/site-functions/_sbohints
-rw-r--r-- root/root      2005 2025-02-25 23:03 usr/share/zsh/site-functions/_sboinstall
-rw-r--r-- root/root       524 2025-02-25 23:03 usr/share/zsh/site-functions/_sboremove
-rw-r--r-- root/root       352 2025-02-25 23:03 usr/share/zsh/site-functions/_sbosnap
-rw-r--r-- root/root      1768 2025-02-25 23:03 usr/share/zsh/site-functions/_sboupgrade


