++========================================
||
||   Package:  ./redis/redis-7.4.0-x86_64-1loom.txz
||
++========================================
drwxr-xr-x root/root         0 2024-10-28 16:30 ./
drwxr-xr-x root/root         0 2024-10-28 16:30 etc/
drwxr-xr-x root/root         0 2024-10-28 16:30 etc/logrotate.d/
-rwxr-xr-x root/root       129 2024-10-28 16:30 etc/logrotate.d/redis.new
drwxr-xr-x root/root         0 2024-10-28 16:30 etc/rc.d/
-rwxr-xr-x root/root       953 2024-10-28 16:30 etc/rc.d/rc.redis.new
drwxr-xr-x root/root         0 2024-10-28 16:30 etc/redis/
-rw-r--r-- root/root    108989 2024-10-28 16:30 etc/redis/redis.conf.new
-rw-r--r-- root/root     14700 2024-10-28 16:30 etc/redis/sentinel.conf.new
drwxr-xr-x root/root         0 2024-10-28 16:30 install/
-rw-r--r-- root/root       959 2024-10-28 16:30 install/doinst.sh
-rw-r--r-- root/root      1048 2024-10-28 16:30 install/slack-desc
drwxr-xr-x root/root         0 2024-10-28 16:30 usr/
drwxr-xr-x root/root         0 2024-10-28 16:30 usr/bin/
-rwxr-xr-x root/root    823672 2024-10-28 16:30 usr/bin/redis-benchmark
-rwxr-xr-x root/root   1082040 2024-10-28 16:30 usr/bin/redis-cli
-rwxr-xr-x root/root   3174136 2024-10-28 16:30 usr/bin/redis-server
drwxr-xr-x root/root         0 2024-10-28 16:30 usr/doc/
drwxr-xr-x root/root         0 2024-10-28 16:30 usr/doc/redis-7.4.0/
-rw-r--r-- root/root      9854 2024-07-29 05:31 usr/doc/redis-7.4.0/00-RELEASENOTES
-rw-r--r-- root/root        51 2024-07-29 05:31 usr/doc/redis-7.4.0/BUGS
-rw-r--r-- root/root      6888 2024-07-29 05:31 usr/doc/redis-7.4.0/MANIFESTO
-rw-r--r-- root/root      4559 2024-10-28 16:30 usr/doc/redis-7.4.0/redis.SlackBuild
drwxr-xr-x root/root         0 2024-10-28 16:30 var/
drwxr-xr-x root/root         0 2024-10-28 16:30 var/lib/
drwx------ root/root         0 2024-10-28 16:30 var/lib/redis/


