++========================================
||
||   Package:  ./pigz/pigz-2.8-x86_64-1_SBo.tgz
||
++========================================
drwxr-xr-x root/root         0 2025-02-24 17:58 ./
drwxr-xr-x root/root         0 2025-02-24 17:58 install/
-rw-r--r-- root/root        67 2025-02-24 17:58 install/doinst.sh
-rw-r--r-- root/root       815 2025-02-24 17:58 install/slack-desc
drwxr-xr-x root/root         0 2025-02-24 17:58 usr/
drwxr-xr-x root/root         0 2025-02-24 17:58 usr/bin/
-rwxr-xr-x root/root    125936 2025-02-24 17:58 usr/bin/pigz
drwxr-xr-x root/root         0 2025-02-24 17:58 usr/doc/
drwxr-xr-x root/root         0 2025-02-24 17:58 usr/doc/pigz-2.8/
-rw-r--r-- root/root      2186 2023-08-20 05:20 usr/doc/pigz-2.8/README
-rw-r--r-- root/root      3474 2025-02-24 17:58 usr/doc/pigz-2.8/pigz.SlackBuild
-rw-r--r-- root/root     24867 2023-08-20 05:20 usr/doc/pigz-2.8/pigz.pdf
drwxr-xr-x root/root         0 2025-02-24 17:58 usr/man/
drwxr-xr-x root/root         0 2025-02-24 17:58 usr/man/man1/
-rw-r--r-- root/root      2814 2025-02-24 17:58 usr/man/man1/pigz.1.gz


