++========================================
||
||   Package:  ./yq/yq-4.44.5-x86_64-1_SBo.tgz
||
++========================================
drwxr-xr-x root/root         0 2024-11-18 19:27 ./
drwxr-xr-x root/root         0 2024-11-18 19:27 install/
-rw-r--r-- root/root       943 2024-11-18 19:27 install/slack-desc
drwxr-xr-x root/root         0 2024-11-18 19:27 usr/
drwxr-xr-x root/root         0 2024-11-18 19:27 usr/bin/
-rwxr-xr-x root/root  10277016 2024-11-18 19:27 usr/bin/yq
drwxr-xr-x root/root         0 2024-11-18 19:27 usr/doc/
drwxr-xr-x root/root         0 2024-11-18 19:27 usr/doc/yq-4.44.5/
-rw-r--r-- root/root      3351 2024-11-16 04:45 usr/doc/yq-4.44.5/CODE_OF_CONDUCT.md
-rw-r--r-- root/root      2600 2024-11-16 04:45 usr/doc/yq-4.44.5/CONTRIBUTING.md
-rw-r--r-- root/root      1077 2024-11-16 04:45 usr/doc/yq-4.44.5/LICENSE
-rw-r--r-- root/root     13854 2024-11-16 04:45 usr/doc/yq-4.44.5/README.md
-rw-r--r-- root/root      3039 2024-11-18 19:27 usr/doc/yq-4.44.5/yq.SlackBuild


