++========================================
||
||   Package:  ./ply/ply-2.3.0-x86_64-1_SBo.tgz
||
++========================================
drwxr-xr-x root/root         0 2024-12-27 05:28 ./
drwxr-xr-x root/root         0 2024-12-27 05:28 .git/
-rw-r--r-- root/root        41 2024-12-27 05:28 .git/HEAD
drwxr-xr-x root/root         0 2024-12-27 05:28 .git/branches/
-rw-r--r-- root/root       190 2024-12-27 05:28 .git/config
-rw-r--r-- root/root        73 2024-12-27 05:28 .git/description
drwxr-xr-x root/root         0 2024-12-27 05:28 .git/hooks/
-rwxr-xr-x root/root       478 2024-12-27 05:28 .git/hooks/applypatch-msg.sample
-rwxr-xr-x root/root       896 2024-12-27 05:28 .git/hooks/commit-msg.sample
-rwxr-xr-x root/root      4726 2024-12-27 05:28 .git/hooks/fsmonitor-watchman.sample
-rwxr-xr-x root/root       189 2024-12-27 05:28 .git/hooks/post-update.sample
-rwxr-xr-x root/root       424 2024-12-27 05:28 .git/hooks/pre-applypatch.sample
-rwxr-xr-x root/root      1649 2024-12-27 05:28 .git/hooks/pre-commit.sample
-rwxr-xr-x root/root       416 2024-12-27 05:28 .git/hooks/pre-merge-commit.sample
-rwxr-xr-x root/root      1374 2024-12-27 05:28 .git/hooks/pre-push.sample
-rwxr-xr-x root/root      4898 2024-12-27 05:28 .git/hooks/pre-rebase.sample
-rwxr-xr-x root/root       544 2024-12-27 05:28 .git/hooks/pre-receive.sample
-rwxr-xr-x root/root      1492 2024-12-27 05:28 .git/hooks/prepare-commit-msg.sample
-rwxr-xr-x root/root      2783 2024-12-27 05:28 .git/hooks/push-to-checkout.sample
-rwxr-xr-x root/root      2308 2024-12-27 05:28 .git/hooks/sendemail-validate.sample
-rwxr-xr-x root/root      3650 2024-12-27 05:28 .git/hooks/update.sample
-rw-r--r-- root/root      7745 2024-12-27 05:28 .git/index
drwxr-xr-x root/root         0 2024-12-27 05:28 .git/info/
-rw-r--r-- root/root       240 2024-12-27 05:28 .git/info/exclude
drwxr-xr-x root/root         0 2024-12-27 05:28 .git/logs/
-rw-r--r-- root/root       174 2024-12-27 05:28 .git/logs/HEAD
drwxr-xr-x root/root         0 2024-12-27 05:28 .git/objects/
drwxr-xr-x root/root         0 2024-12-27 05:28 .git/objects/info/
drwxr-xr-x root/root         0 2024-12-27 05:28 .git/objects/pack/
-rw-r--r-- root/root     88208 2024-12-27 05:28 .git/objects/pack/pack-d85090c801419eb30b0a3619750cfaa93165691f.idx
-rw-r--r-- root/root    733815 2024-12-27 05:28 .git/objects/pack/pack-d85090c801419eb30b0a3619750cfaa93165691f.pack
-rw-r--r-- root/root     12500 2024-12-27 05:28 .git/objects/pack/pack-d85090c801419eb30b0a3619750cfaa93165691f.rev
-rw-r--r-- root/root       145 2024-12-27 05:28 .git/packed-refs
drwxr-xr-x root/root         0 2024-12-27 05:28 .git/refs/
drwxr-xr-x root/root         0 2024-12-27 05:28 .git/refs/heads/
drwxr-xr-x root/root         0 2024-12-27 05:28 .git/refs/tags/
-rw-r--r-- root/root        41 2024-12-27 05:28 .git/refs/tags/2.0.0
-rw-r--r-- root/root        41 2024-12-27 05:28 .git/refs/tags/2.1.0
-rw-r--r-- root/root        41 2024-12-27 05:28 .git/refs/tags/2.1.1
-rw-r--r-- root/root        41 2024-12-27 05:28 .git/refs/tags/2.2.0
-rw-r--r-- root/root       245 2024-12-27 05:28 .gitignore
-rw-r--r-- root/root      3555 2024-12-27 05:28 CHANGELOG.md
-rw-r--r-- root/root     18092 2024-12-27 05:28 COPYING
-rw-r--r-- root/root     27988 2024-12-27 05:28 Makefile
-rw-r--r-- root/root       202 2024-12-27 05:28 Makefile.am
-rw-r--r-- root/root     28086 2024-12-27 05:28 Makefile.in
-rw-r--r-- root/root      3533 2024-12-27 05:28 README.md
-rw-r--r-- root/root       407 2024-12-27 05:28 TODO
-rw-r--r-- root/root     42171 2024-12-27 05:28 aclocal.m4
-rwxr-xr-x root/root        44 2024-12-27 05:28 autogen.sh
drwxr-xr-x root/root         0 2024-12-27 05:28 autom4te.cache/
-rw-r--r-- root/root    460942 2024-12-27 05:28 autom4te.cache/output.0
-rw-r--r-- root/root    460942 2024-12-27 05:28 autom4te.cache/output.1
-rw-r--r-- root/root    460942 2024-12-27 05:28 autom4te.cache/output.2
-rw-r--r-- root/root     25479 2024-12-27 05:28 autom4te.cache/requests
-rw-r--r-- root/root    116904 2024-12-27 05:28 autom4te.cache/traces.0
-rw-r--r-- root/root     39297 2024-12-27 05:28 autom4te.cache/traces.1
-rw-r--r-- root/root    114760 2024-12-27 05:28 autom4te.cache/traces.2
-rw-r--r-- root/root      3095 2024-12-27 05:28 config.h
-rw-r--r-- root/root      2852 2024-12-27 05:28 config.h.in
-rw-r--r-- root/root     79108 2024-12-27 05:28 config.log
-rwxr-xr-x root/root     58436 2024-12-27 05:28 config.status
-rwxr-xr-x root/root    458167 2024-12-27 05:28 configure
-rw-r--r-- root/root       767 2024-12-27 05:28 configure.ac
drwxr-xr-x root/root         0 2024-12-27 05:28 include/
-rw-r--r-- root/root     17005 2024-12-27 05:28 include/Makefile
-rw-r--r-- root/root       272 2024-12-27 05:28 include/Makefile.am
-rw-r--r-- root/root     17059 2024-12-27 05:28 include/Makefile.in
drwxr-xr-x root/root         0 2024-12-27 05:28 include/ply/
-rw-r--r-- root/root        17 2024-12-27 05:28 include/ply/.gitignore
-rw-r--r-- root/root       725 2024-12-27 05:28 include/ply/arch.h
-rw-r--r-- root/root       697 2024-12-27 05:28 include/ply/buffer.h
-rw-r--r-- root/root       938 2024-12-27 05:28 include/ply/func.h
-rw-r--r-- root/root       515 2024-12-27 05:28 include/ply/internal.h
-rw-r--r-- root/root      4963 2024-12-27 05:28 include/ply/ir.h
-rw-r--r-- root/root       847 2024-12-27 05:28 include/ply/kallsyms.h
-rw-r--r-- root/root      2141 2024-12-27 05:28 include/ply/node.h
-rw-r--r-- root/root       545 2024-12-27 05:28 include/ply/perf_event.h
-rw-r--r-- root/root      2174 2024-12-27 05:28 include/ply/ply.h
-rw-r--r-- root/root      1021 2024-12-27 05:28 include/ply/printxf.h
-rw-r--r-- root/root       689 2024-12-27 05:28 include/ply/provider.h
-rw-r--r-- root/root      1085 2024-12-27 05:28 include/ply/sym.h
-rw-r--r-- root/root      1033 2024-12-27 05:28 include/ply/syscall.h
-rw-r--r-- root/root      3752 2024-12-27 05:28 include/ply/type.h
-rw-r--r-- root/root      1995 2024-12-27 05:28 include/ply/utils.h
drwxr-xr-x root/root         0 2024-12-27 05:28 install/
-rw-r--r-- root/root      1700 2024-12-27 05:28 install/doinst.sh
-rw-r--r-- root/root       936 2024-12-27 05:28 install/slack-desc
drwxr-xr-x root/root         0 2024-12-27 05:28 lib/
drwxr-xr-x root/root         0 2024-12-27 05:28 lib/.deps/
-rw-r--r-- root/root         8 2024-12-27 05:28 lib/.deps/qsort_r.Plo
-rw-r--r-- root/root      5005 2024-12-27 05:28 lib/qsort_r.c
-rwxr-xr-x root/root    339098 2024-12-27 05:28 libtool
drwxr-xr-x root/root         0 2024-12-27 05:28 m4/
drwxr-xr-x root/root         0 2024-12-27 05:28 man/
-rw-r--r-- root/root        45 2024-12-27 05:28 man/.gitignore.gz
-rw-r--r-- root/root        91 2024-12-27 05:28 man/Makefile.am.gz
-rw-r--r-- root/root      5073 2024-12-27 05:28 man/Makefile.gz
-rw-r--r-- root/root      5005 2024-12-27 05:28 man/Makefile.in.gz
-rw-r--r-- root/root       164 2024-12-27 05:28 man/index.txt.gz
-rw-r--r-- root/root      5289 2024-12-27 05:28 man/ply.1.ronn.gz
drwxr-xr-x root/root         0 2024-12-27 05:28 scripts/
-rw-r--r-- root/root       145 2024-12-27 05:28 scripts/execsnoop.ply
-rw-r--r-- root/root       144 2024-12-27 05:28 scripts/net-rx.ply
-rwxr-xr-x root/root       146 2024-12-27 05:28 scripts/opensnoop.ply
drwxr-xr-x root/root         0 2024-12-27 05:28 src/
-rw-r--r-- root/root     18481 2024-12-27 05:28 src/Makefile
-rw-r--r-- root/root        56 2024-12-27 05:28 src/Makefile.am
-rw-r--r-- root/root     18547 2024-12-27 05:28 src/Makefile.in
drwxr-xr-x root/root         0 2024-12-27 05:28 src/libply/
drwxr-xr-x root/root         0 2024-12-27 05:28 src/libply/.deps/
-rw-r--r-- root/root      7437 2024-12-27 05:28 src/libply/.deps/libply_la-compile.Plo
-rw-r--r-- root/root      7431 2024-12-27 05:28 src/libply/.deps/libply_la-func.Plo
-rw-r--r-- root/root      5266 2024-12-27 05:28 src/libply/.deps/libply_la-grammar.Plo
-rw-r--r-- root/root      7519 2024-12-27 05:28 src/libply/.deps/libply_la-ir.Plo
-rw-r--r-- root/root      4812 2024-12-27 05:28 src/libply/.deps/libply_la-lexer.Plo
-rw-r--r-- root/root      7622 2024-12-27 05:28 src/libply/.deps/libply_la-libply.Plo
-rw-r--r-- root/root      7657 2024-12-27 05:28 src/libply/.deps/libply_la-node.Plo
-rw-r--r-- root/root      5552 2024-12-27 05:28 src/libply/.deps/libply_la-provider.Plo
-rw-r--r-- root/root      7475 2024-12-27 05:28 src/libply/.deps/libply_la-sym.Plo
-rw-r--r-- root/root      7572 2024-12-27 05:28 src/libply/.deps/libply_la-type.Plo
-rw-r--r-- root/root        24 2024-12-27 05:28 src/libply/.gitignore
drwxr-xr-x root/root         0 2024-12-27 05:28 src/libply/.libs/
-rw-r--r-- root/root   1445050 2024-12-27 05:28 src/libply/.libs/libply.a
-rw-r--r-- root/root       909 2024-12-27 05:28 src/libply/.libs/libply.lai
-rwxr-xr-x root/root    170056 2024-12-27 05:28 src/libply/.libs/libply.so.0.0.0
-rw-r--r-- root/root     37040 2024-12-27 05:28 src/libply/.libs/libply_la-compile.o
-rw-r--r-- root/root     26320 2024-12-27 05:28 src/libply/.libs/libply_la-func.o
-rw-r--r-- root/root     51536 2024-12-27 05:28 src/libply/.libs/libply_la-grammar.o
-rw-r--r-- root/root     98576 2024-12-27 05:28 src/libply/.libs/libply_la-ir.o
-rw-r--r-- root/root     85160 2024-12-27 05:28 src/libply/.libs/libply_la-lexer.o
-rw-r--r-- root/root     57936 2024-12-27 05:28 src/libply/.libs/libply_la-libply.o
-rw-r--r-- root/root     40760 2024-12-27 05:28 src/libply/.libs/libply_la-node.o
-rw-r--r-- root/root     12864 2024-12-27 05:28 src/libply/.libs/libply_la-provider.o
-rw-r--r-- root/root     19584 2024-12-27 05:28 src/libply/.libs/libply_la-sym.o
-rw-r--r-- root/root    115008 2024-12-27 05:28 src/libply/.libs/libply_la-type.o
-rw-r--r-- root/root     60682 2024-12-27 05:28 src/libply/Makefile
-rw-r--r-- root/root      1176 2024-12-27 05:28 src/libply/Makefile.am
-rw-r--r-- root/root     67339 2024-12-27 05:28 src/libply/Makefile.in
drwxr-xr-x root/root         0 2024-12-27 05:28 src/libply/arch/
drwxr-xr-x root/root         0 2024-12-27 05:28 src/libply/arch/.deps/
-rw-r--r-- root/root         0 2024-12-27 05:28 src/libply/arch/.deps/.dirstamp
-rw-r--r-- root/root      6969 2024-12-27 05:28 src/libply/arch/.deps/libply_la-x86_64.Plo
-rw-r--r-- root/root         0 2024-12-27 05:28 src/libply/arch/.dirstamp
drwxr-xr-x root/root         0 2024-12-27 05:28 src/libply/arch/.libs/
-rw-r--r-- root/root     20936 2024-12-27 05:28 src/libply/arch/.libs/libply_la-x86_64.o
-rw-r--r-- root/root      3167 2024-12-27 05:28 src/libply/arch/aarch64.c
-rw-r--r-- root/root      2441 2024-12-27 05:28 src/libply/arch/arm.c
-rw-r--r-- root/root       305 2024-12-27 05:28 src/libply/arch/libply_la-x86_64.lo
-rw-r--r-- root/root     20400 2024-12-27 05:28 src/libply/arch/libply_la-x86_64.o
-rw-r--r-- root/root      3638 2024-12-27 05:28 src/libply/arch/powerpc.c
-rw-r--r-- root/root      3027 2024-12-27 05:28 src/libply/arch/riscv64.c
-rw-r--r-- root/root      2571 2024-12-27 05:28 src/libply/arch/x86_64.c
drwxr-xr-x root/root         0 2024-12-27 05:28 src/libply/aux/
drwxr-xr-x root/root         0 2024-12-27 05:28 src/libply/aux/.deps/
-rw-r--r-- root/root         0 2024-12-27 05:28 src/libply/aux/.deps/.dirstamp
-rw-r--r-- root/root      8789 2024-12-27 05:28 src/libply/aux/.deps/libply_la-kallsyms.Plo
-rw-r--r-- root/root      8049 2024-12-27 05:28 src/libply/aux/.deps/libply_la-perf_event.Plo
-rw-r--r-- root/root      4333 2024-12-27 05:28 src/libply/aux/.deps/libply_la-printxf.Plo
-rw-r--r-- root/root      3303 2024-12-27 05:28 src/libply/aux/.deps/libply_la-syscall.Plo
-rw-r--r-- root/root      7579 2024-12-27 05:28 src/libply/aux/.deps/libply_la-utils.Plo
-rw-r--r-- root/root         0 2024-12-27 05:28 src/libply/aux/.dirstamp
drwxr-xr-x root/root         0 2024-12-27 05:28 src/libply/aux/.libs/
-rw-r--r-- root/root     40120 2024-12-27 05:28 src/libply/aux/.libs/libply_la-kallsyms.o
-rw-r--r-- root/root     31248 2024-12-27 05:28 src/libply/aux/.libs/libply_la-perf_event.o
-rw-r--r-- root/root     21144 2024-12-27 05:28 src/libply/aux/.libs/libply_la-printxf.o
-rw-r--r-- root/root     30760 2024-12-27 05:28 src/libply/aux/.libs/libply_la-syscall.o
-rw-r--r-- root/root     33056 2024-12-27 05:28 src/libply/aux/.libs/libply_la-utils.o
-rw-r--r-- root/root      7815 2024-12-27 05:28 src/libply/aux/kallsyms.c
-rw-r--r-- root/root       310 2024-12-27 05:28 src/libply/aux/libply_la-kallsyms.lo
-rw-r--r-- root/root     39576 2024-12-27 05:28 src/libply/aux/libply_la-kallsyms.o
-rw-r--r-- root/root       316 2024-12-27 05:28 src/libply/aux/libply_la-perf_event.lo
-rw-r--r-- root/root     31136 2024-12-27 05:28 src/libply/aux/libply_la-perf_event.o
-rw-r--r-- root/root       307 2024-12-27 05:28 src/libply/aux/libply_la-printxf.lo
-rw-r--r-- root/root     24720 2024-12-27 05:28 src/libply/aux/libply_la-printxf.o
-rw-r--r-- root/root       307 2024-12-27 05:28 src/libply/aux/libply_la-syscall.lo
-rw-r--r-- root/root     30672 2024-12-27 05:28 src/libply/aux/libply_la-syscall.o
-rw-r--r-- root/root       301 2024-12-27 05:28 src/libply/aux/libply_la-utils.lo
-rw-r--r-- root/root     32816 2024-12-27 05:28 src/libply/aux/libply_la-utils.o
-rw-r--r-- root/root      2240 2024-12-27 05:28 src/libply/aux/perf_event.c
-rw-r--r-- root/root      4789 2024-12-27 05:28 src/libply/aux/printxf.c
-rw-r--r-- root/root      2548 2024-12-27 05:28 src/libply/aux/syscall.c
-rw-r--r-- root/root      2487 2024-12-27 05:28 src/libply/aux/utils.c
drwxr-xr-x root/root         0 2024-12-27 05:28 src/libply/built-in/
drwxr-xr-x root/root         0 2024-12-27 05:28 src/libply/built-in/.deps/
-rw-r--r-- root/root         0 2024-12-27 05:28 src/libply/built-in/.deps/.dirstamp
-rw-r--r-- root/root      7510 2024-12-27 05:28 src/libply/built-in/.deps/libply_la-aggregation.Plo
-rw-r--r-- root/root      8060 2024-12-27 05:28 src/libply/built-in/.deps/libply_la-buffer.Plo
-rw-r--r-- root/root      8298 2024-12-27 05:28 src/libply/built-in/.deps/libply_la-built-in.Plo
-rw-r--r-- root/root      7496 2024-12-27 05:28 src/libply/built-in/.deps/libply_la-flow.Plo
-rw-r--r-- root/root      7588 2024-12-27 05:28 src/libply/built-in/.deps/libply_la-math.Plo
-rw-r--r-- root/root      7500 2024-12-27 05:28 src/libply/built-in/.deps/libply_la-memory.Plo
-rw-r--r-- root/root      7590 2024-12-27 05:28 src/libply/built-in/.deps/libply_la-print.Plo
-rw-r--r-- root/root      7809 2024-12-27 05:28 src/libply/built-in/.deps/libply_la-proc.Plo
-rw-r--r-- root/root         0 2024-12-27 05:28 src/libply/built-in/.dirstamp
drwxr-xr-x root/root         0 2024-12-27 05:28 src/libply/built-in/.libs/
-rw-r--r-- root/root     52576 2024-12-27 05:28 src/libply/built-in/.libs/libply_la-aggregation.o
-rw-r--r-- root/root     62704 2024-12-27 05:28 src/libply/built-in/.libs/libply_la-buffer.o
-rw-r--r-- root/root     39544 2024-12-27 05:28 src/libply/built-in/.libs/libply_la-built-in.o
-rw-r--r-- root/root     39448 2024-12-27 05:28 src/libply/built-in/.libs/libply_la-flow.o
-rw-r--r-- root/root     52656 2024-12-27 05:28 src/libply/built-in/.libs/libply_la-math.o
-rw-r--r-- root/root    103160 2024-12-27 05:28 src/libply/built-in/.libs/libply_la-memory.o
-rw-r--r-- root/root     51448 2024-12-27 05:28 src/libply/built-in/.libs/libply_la-print.o
-rw-r--r-- root/root     68440 2024-12-27 05:28 src/libply/built-in/.libs/libply_la-proc.o
-rw-r--r-- root/root      8205 2024-12-27 05:28 src/libply/built-in/aggregation.c
-rw-r--r-- root/root      5735 2024-12-27 05:28 src/libply/built-in/buffer.c
-rw-r--r-- root/root      6857 2024-12-27 05:28 src/libply/built-in/built-in.c
-rw-r--r-- root/root       595 2024-12-27 05:28 src/libply/built-in/built-in.h
-rw-r--r-- root/root      4304 2024-12-27 05:28 src/libply/built-in/flow.c
-rw-r--r-- root/root       324 2024-12-27 05:28 src/libply/built-in/libply_la-aggregation.lo
-rw-r--r-- root/root     51808 2024-12-27 05:28 src/libply/built-in/libply_la-aggregation.o
-rw-r--r-- root/root       309 2024-12-27 05:28 src/libply/built-in/libply_la-buffer.lo
-rw-r--r-- root/root     62032 2024-12-27 05:28 src/libply/built-in/libply_la-buffer.o
-rw-r--r-- root/root       315 2024-12-27 05:28 src/libply/built-in/libply_la-built-in.lo
-rw-r--r-- root/root     39472 2024-12-27 05:28 src/libply/built-in/libply_la-built-in.o
-rw-r--r-- root/root       303 2024-12-27 05:28 src/libply/built-in/libply_la-flow.lo
-rw-r--r-- root/root     39040 2024-12-27 05:28 src/libply/built-in/libply_la-flow.o
-rw-r--r-- root/root       303 2024-12-27 05:28 src/libply/built-in/libply_la-math.lo
-rw-r--r-- root/root     52248 2024-12-27 05:28 src/libply/built-in/libply_la-math.o
-rw-r--r-- root/root       309 2024-12-27 05:28 src/libply/built-in/libply_la-memory.lo
-rw-r--r-- root/root    102424 2024-12-27 05:28 src/libply/built-in/libply_la-memory.o
-rw-r--r-- root/root       306 2024-12-27 05:28 src/libply/built-in/libply_la-print.lo
-rw-r--r-- root/root     52480 2024-12-27 05:28 src/libply/built-in/libply_la-print.o
-rw-r--r-- root/root       303 2024-12-27 05:28 src/libply/built-in/libply_la-proc.lo
-rw-r--r-- root/root     67576 2024-12-27 05:28 src/libply/built-in/libply_la-proc.o
-rw-r--r-- root/root     10739 2024-12-27 05:28 src/libply/built-in/math.c
-rw-r--r-- root/root     20736 2024-12-27 05:28 src/libply/built-in/memory.c
-rw-r--r-- root/root      7773 2024-12-27 05:28 src/libply/built-in/print.c
-rw-r--r-- root/root     10093 2024-12-27 05:28 src/libply/built-in/proc.c
-rw-r--r-- root/root      4250 2024-12-27 05:28 src/libply/compile.c
-rw-r--r-- root/root      2403 2024-12-27 05:28 src/libply/func.c
-rw-r--r-- root/root     76064 2024-12-27 05:28 src/libply/grammar.c
-rw-r--r-- root/root      4268 2024-12-27 05:28 src/libply/grammar.h
-rw-r--r-- root/root      4439 2024-12-27 05:28 src/libply/grammar.y
-rw-r--r-- root/root     16094 2024-12-27 05:28 src/libply/ir.c
-rw-r--r-- root/root     62871 2024-12-27 05:28 src/libply/lexer.c
-rw-r--r-- root/root     12286 2024-12-27 05:28 src/libply/lexer.h
-rw-r--r-- root/root      2279 2024-12-27 05:28 src/libply/lexer.l
-rw-r--r-- root/root      9751 2024-12-27 05:28 src/libply/libply.c
-rw-r--r-- root/root       908 2024-12-27 05:28 src/libply/libply.la
-rw-r--r-- root/root       303 2024-12-27 05:28 src/libply/libply_la-compile.lo
-rw-r--r-- root/root     36952 2024-12-27 05:28 src/libply/libply_la-compile.o
-rw-r--r-- root/root       294 2024-12-27 05:28 src/libply/libply_la-func.lo
-rw-r--r-- root/root     26080 2024-12-27 05:28 src/libply/libply_la-func.o
-rw-r--r-- root/root       303 2024-12-27 05:28 src/libply/libply_la-grammar.lo
-rw-r--r-- root/root     50864 2024-12-27 05:28 src/libply/libply_la-grammar.o
-rw-r--r-- root/root       288 2024-12-27 05:28 src/libply/libply_la-ir.lo
-rw-r--r-- root/root    113096 2024-12-27 05:28 src/libply/libply_la-ir.o
-rw-r--r-- root/root       297 2024-12-27 05:28 src/libply/libply_la-lexer.lo
-rw-r--r-- root/root     90976 2024-12-27 05:28 src/libply/libply_la-lexer.o
-rw-r--r-- root/root       300 2024-12-27 05:28 src/libply/libply_la-libply.lo
-rw-r--r-- root/root     57568 2024-12-27 05:28 src/libply/libply_la-libply.o
-rw-r--r-- root/root       294 2024-12-27 05:28 src/libply/libply_la-node.lo
-rw-r--r-- root/root     44856 2024-12-27 05:28 src/libply/libply_la-node.o
-rw-r--r-- root/root       306 2024-12-27 05:28 src/libply/libply_la-provider.lo
-rw-r--r-- root/root     12960 2024-12-27 05:28 src/libply/libply_la-provider.o
-rw-r--r-- root/root       291 2024-12-27 05:28 src/libply/libply_la-sym.lo
-rw-r--r-- root/root     19728 2024-12-27 05:28 src/libply/libply_la-sym.o
-rw-r--r-- root/root       294 2024-12-27 05:28 src/libply/libply_la-type.lo
-rw-r--r-- root/root    116360 2024-12-27 05:28 src/libply/libply_la-type.o
-rw-r--r-- root/root      5329 2024-12-27 05:28 src/libply/node.c
drwxr-xr-x root/root         0 2024-12-27 05:28 src/libply/provider/
-rw-r--r-- root/root      1250 2024-12-27 05:28 src/libply/provider.c
drwxr-xr-x root/root         0 2024-12-27 05:28 src/libply/provider/.deps/
-rw-r--r-- root/root         0 2024-12-27 05:28 src/libply/provider/.deps/.dirstamp
-rw-r--r-- root/root      7558 2024-12-27 05:28 src/libply/provider/.deps/libply_la-interval.Plo
-rw-r--r-- root/root      7935 2024-12-27 05:28 src/libply/provider/.deps/libply_la-kprobe.Plo
-rw-r--r-- root/root      7978 2024-12-27 05:28 src/libply/provider/.deps/libply_la-kretprobe.Plo
-rw-r--r-- root/root      7458 2024-12-27 05:28 src/libply/provider/.deps/libply_la-special.Plo
-rw-r--r-- root/root      8264 2024-12-27 05:28 src/libply/provider/.deps/libply_la-tracepoint.Plo
-rw-r--r-- root/root      7682 2024-12-27 05:28 src/libply/provider/.deps/libply_la-xprobe.Plo
-rw-r--r-- root/root         0 2024-12-27 05:28 src/libply/provider/.dirstamp
drwxr-xr-x root/root         0 2024-12-27 05:28 src/libply/provider/.libs/
-rw-r--r-- root/root     29600 2024-12-27 05:28 src/libply/provider/.libs/libply_la-interval.o
-rw-r--r-- root/root     37416 2024-12-27 05:28 src/libply/provider/.libs/libply_la-kprobe.o
-rw-r--r-- root/root     30256 2024-12-27 05:28 src/libply/provider/.libs/libply_la-kretprobe.o
-rw-r--r-- root/root     20336 2024-12-27 05:28 src/libply/provider/.libs/libply_la-special.o
-rw-r--r-- root/root     68200 2024-12-27 05:28 src/libply/provider/.libs/libply_la-tracepoint.o
-rw-r--r-- root/root     40576 2024-12-27 05:28 src/libply/provider/.libs/libply_la-xprobe.o
-rw-r--r-- root/root      2066 2024-12-27 05:28 src/libply/provider/interval.c
-rw-r--r-- root/root      4317 2024-12-27 05:28 src/libply/provider/kprobe.c
-rw-r--r-- root/root       287 2024-12-27 05:28 src/libply/provider/kprobe.h
-rw-r--r-- root/root      2123 2024-12-27 05:28 src/libply/provider/kretprobe.c
-rw-r--r-- root/root       315 2024-12-27 05:28 src/libply/provider/libply_la-interval.lo
-rw-r--r-- root/root     29312 2024-12-27 05:28 src/libply/provider/libply_la-interval.o
-rw-r--r-- root/root       309 2024-12-27 05:28 src/libply/provider/libply_la-kprobe.lo
-rw-r--r-- root/root     36712 2024-12-27 05:28 src/libply/provider/libply_la-kprobe.o
-rw-r--r-- root/root       318 2024-12-27 05:28 src/libply/provider/libply_la-kretprobe.lo
-rw-r--r-- root/root     29856 2024-12-27 05:28 src/libply/provider/libply_la-kretprobe.o
-rw-r--r-- root/root       312 2024-12-27 05:28 src/libply/provider/libply_la-special.lo
-rw-r--r-- root/root     20232 2024-12-27 05:28 src/libply/provider/libply_la-special.o
-rw-r--r-- root/root       321 2024-12-27 05:28 src/libply/provider/libply_la-tracepoint.lo
-rw-r--r-- root/root     66720 2024-12-27 05:28 src/libply/provider/libply_la-tracepoint.o
-rw-r--r-- root/root       309 2024-12-27 05:28 src/libply/provider/libply_la-xprobe.lo
-rw-r--r-- root/root     39952 2024-12-27 05:28 src/libply/provider/libply_la-xprobe.o
-rw-r--r-- root/root       656 2024-12-27 05:28 src/libply/provider/special.c
-rw-r--r-- root/root      9392 2024-12-27 05:28 src/libply/provider/tracepoint.c
-rw-r--r-- root/root      5413 2024-12-27 05:28 src/libply/provider/xprobe.c
-rw-r--r-- root/root       418 2024-12-27 05:28 src/libply/provider/xprobe.h
-rw-r--r-- root/root      1353 2024-12-27 05:28 src/libply/sym.c
-rw-r--r-- root/root     17937 2024-12-27 05:28 src/libply/type.c
drwxr-xr-x root/root         0 2024-12-27 05:28 src/ply/
drwxr-xr-x root/root         0 2024-12-27 05:28 src/ply/.deps/
-rw-r--r-- root/root      8160 2024-12-27 05:28 src/ply/.deps/ply-ply.Po
-rw-r--r-- root/root         4 2024-12-27 05:28 src/ply/.gitignore
drwxr-xr-x root/root         0 2024-12-27 05:28 src/ply/.libs/
-rwxr-xr-x root/root     21288 2024-12-27 05:28 src/ply/.libs/ply
-rw-r--r-- root/root     20922 2024-12-27 05:28 src/ply/Makefile
-rw-r--r-- root/root       510 2024-12-27 05:28 src/ply/Makefile.am
-rw-r--r-- root/root     21866 2024-12-27 05:28 src/ply/Makefile.in
-rwxr-xr-x root/root      7406 2024-12-27 05:28 src/ply/ply
-rw-r--r-- root/root      2970 2024-12-27 05:28 src/ply/ply-gdb.py
-rw-r--r-- root/root     42496 2024-12-27 05:28 src/ply/ply-ply.o
-rw-r--r-- root/root      6953 2024-12-27 05:28 src/ply/ply.c
-rw-r--r-- root/root      2880 2024-12-27 05:28 src/ply/self-test.o
-rwxr-xr-x root/root      2261 2024-12-27 05:28 src/ply/self-test.sh
-rw-r--r-- root/root        23 2024-12-27 05:28 stamp-h1
drwxr-xr-x root/root         0 2024-12-27 05:28 test/
-rw-r--r-- root/root        24 2024-12-27 05:28 test/.gitignore
-rw-r--r-- root/root      4435 2024-12-27 05:28 test/Makefile
-rw-r--r-- root/root      1229 2024-12-27 05:28 test/README.md
-rwxr-xr-x root/root       293 2024-12-27 05:28 test/test-wrapper.sh
-rw-r--r-- root/root        51 2024-12-27 05:28 test/test.conf
-rwxr-xr-x root/root      1964 2024-12-27 05:28 test/test.sh
drwxr-xr-x root/root         0 2024-12-27 05:28 usr/
drwxr-xr-x root/root         0 2024-12-27 05:28 usr/doc/
drwxr-xr-x root/root         0 2024-12-27 05:28 usr/doc/ply-2.3.0/
-rw-r--r-- root/root      3555 2024-12-27 05:28 usr/doc/ply-2.3.0/CHANGELOG.md
-rw-r--r-- root/root      3533 2024-12-27 05:28 usr/doc/ply-2.3.0/README.md
-rw-r--r-- root/root      8960 2024-12-27 05:28 usr/doc/ply-2.3.0/ply.SlackBuild
drwxr-xr-x root/root         0 2024-12-27 05:28 usr/local/
drwxr-xr-x root/root         0 2024-12-27 05:28 usr/local/include/
drwxr-xr-x root/root         0 2024-12-27 05:28 usr/local/include/ply/
-rw-r--r-- root/root       725 2024-12-27 05:28 usr/local/include/ply/arch.h
-rw-r--r-- root/root       697 2024-12-27 05:28 usr/local/include/ply/buffer.h
-rw-r--r-- root/root       938 2024-12-27 05:28 usr/local/include/ply/func.h
-rw-r--r-- root/root       515 2024-12-27 05:28 usr/local/include/ply/internal.h
-rw-r--r-- root/root      4963 2024-12-27 05:28 usr/local/include/ply/ir.h
-rw-r--r-- root/root       847 2024-12-27 05:28 usr/local/include/ply/kallsyms.h
-rw-r--r-- root/root      2141 2024-12-27 05:28 usr/local/include/ply/node.h
-rw-r--r-- root/root       545 2024-12-27 05:28 usr/local/include/ply/perf_event.h
-rw-r--r-- root/root      2174 2024-12-27 05:28 usr/local/include/ply/ply.h
-rw-r--r-- root/root      1021 2024-12-27 05:28 usr/local/include/ply/printxf.h
-rw-r--r-- root/root       689 2024-12-27 05:28 usr/local/include/ply/provider.h
-rw-r--r-- root/root      1085 2024-12-27 05:28 usr/local/include/ply/sym.h
-rw-r--r-- root/root      1033 2024-12-27 05:28 usr/local/include/ply/syscall.h
-rw-r--r-- root/root      3752 2024-12-27 05:28 usr/local/include/ply/type.h
-rw-r--r-- root/root      1995 2024-12-27 05:28 usr/local/include/ply/utils.h
drwxr-xr-x root/root         0 2024-12-27 05:28 usr/local/lib/
-rw-r--r-- root/root   1445050 2024-12-27 05:28 usr/local/lib/libply.a
-rwxr-xr-x root/root       909 2024-12-27 05:28 usr/local/lib/libply.la
-rwxr-xr-x root/root    170056 2024-12-27 05:28 usr/local/lib/libply.so.0.0.0
drwxr-xr-x root/root         0 2024-12-27 05:28 usr/local/sbin/
-rwxr-xr-x root/root     21288 2024-12-27 05:28 usr/local/sbin/ply
drwxr-xr-x root/root         0 2024-12-27 05:28 usr/local/share/
drwxr-xr-x root/root         0 2024-12-27 05:28 usr/local/share/doc/
drwxr-xr-x root/root         0 2024-12-27 05:28 usr/local/share/doc/ply/
-rw-r--r-- root/root     18092 2024-12-27 05:28 usr/local/share/doc/ply/COPYING
-rw-r--r-- root/root      3533 2024-12-27 05:28 usr/local/share/doc/ply/README.md


