++========================================
||
||   Package:  ./ply/ply-2.4.0-x86_64-1_SBo.tgz
||
++========================================
drwxr-xr-x root/root         0 2025-05-24 03:51 ./
drwxr-xr-x root/root         0 2025-05-24 03:51 .git/
-rw-r--r-- root/root        41 2025-05-24 03:51 .git/HEAD
-rw-r--r-- root/root       218 2025-05-24 03:51 .git/config
-rw-r--r-- root/root        73 2025-05-24 03:51 .git/description
drwxr-xr-x root/root         0 2025-05-24 03:51 .git/hooks/
-rwxr-xr-x root/root       478 2025-05-24 03:51 .git/hooks/applypatch-msg.sample
-rwxr-xr-x root/root       896 2025-05-24 03:51 .git/hooks/commit-msg.sample
-rwxr-xr-x root/root      4726 2025-05-24 03:51 .git/hooks/fsmonitor-watchman.sample
-rwxr-xr-x root/root       189 2025-05-24 03:51 .git/hooks/post-update.sample
-rwxr-xr-x root/root       424 2025-05-24 03:51 .git/hooks/pre-applypatch.sample
-rwxr-xr-x root/root      1649 2025-05-24 03:51 .git/hooks/pre-commit.sample
-rwxr-xr-x root/root       416 2025-05-24 03:51 .git/hooks/pre-merge-commit.sample
-rwxr-xr-x root/root      1374 2025-05-24 03:51 .git/hooks/pre-push.sample
-rwxr-xr-x root/root      4898 2025-05-24 03:51 .git/hooks/pre-rebase.sample
-rwxr-xr-x root/root       544 2025-05-24 03:51 .git/hooks/pre-receive.sample
-rwxr-xr-x root/root      1492 2025-05-24 03:51 .git/hooks/prepare-commit-msg.sample
-rwxr-xr-x root/root      2783 2025-05-24 03:51 .git/hooks/push-to-checkout.sample
-rwxr-xr-x root/root      2308 2025-05-24 03:51 .git/hooks/sendemail-validate.sample
-rwxr-xr-x root/root      3650 2025-05-24 03:51 .git/hooks/update.sample
-rw-r--r-- root/root      9036 2025-05-24 03:51 .git/index
drwxr-xr-x root/root         0 2025-05-24 03:51 .git/info/
-rw-r--r-- root/root       240 2025-05-24 03:51 .git/info/exclude
drwxr-xr-x root/root         0 2025-05-24 03:51 .git/logs/
-rw-r--r-- root/root       206 2025-05-24 03:51 .git/logs/HEAD
drwxr-xr-x root/root         0 2025-05-24 03:51 .git/objects/
drwxr-xr-x root/root         0 2025-05-24 03:51 .git/objects/info/
drwxr-xr-x root/root         0 2025-05-24 03:51 .git/objects/pack/
-rw-r--r-- root/root      4404 2025-05-24 03:51 .git/objects/pack/pack-610d3c5ff47a5581603879c63325724f1ef7e098.idx
-rw-r--r-- root/root    173653 2025-05-24 03:51 .git/objects/pack/pack-610d3c5ff47a5581603879c63325724f1ef7e098.pack
-rw-r--r-- root/root       528 2025-05-24 03:51 .git/objects/pack/pack-610d3c5ff47a5581603879c63325724f1ef7e098.rev
-rw-r--r-- root/root       145 2025-05-24 03:51 .git/packed-refs
drwxr-xr-x root/root         0 2025-05-24 03:51 .git/refs/
drwxr-xr-x root/root         0 2025-05-24 03:51 .git/refs/heads/
drwxr-xr-x root/root         0 2025-05-24 03:51 .git/refs/tags/
-rw-r--r-- root/root        41 2025-05-24 03:51 .git/shallow
drwxr-xr-x root/root         0 2025-05-24 03:51 .github/
drwxr-xr-x root/root         0 2025-05-24 03:51 .github/workflows/
-rw-r--r-- root/root       976 2025-05-24 03:51 .github/workflows/build.yml
-rw-r--r-- root/root       246 2025-05-24 03:51 .gitignore
-rw-r--r-- root/root      3849 2025-05-24 03:51 CHANGELOG.md
-rw-r--r-- root/root     18092 2025-05-24 03:51 COPYING
-rw-r--r-- root/root     28381 2025-05-24 03:51 Makefile
-rw-r--r-- root/root       202 2025-05-24 03:51 Makefile.am
-rw-r--r-- root/root     28502 2025-05-24 03:51 Makefile.in
-rw-r--r-- root/root      3508 2025-05-24 03:51 README.md
-rw-r--r-- root/root       407 2025-05-24 03:51 TODO
-rw-r--r-- root/root     48793 2025-05-24 03:51 aclocal.m4
-rwxr-xr-x root/root        44 2025-05-24 03:51 autogen.sh
drwxr-xr-x root/root         0 2025-05-24 03:51 autom4te.cache/
-rw-r--r-- root/root    512034 2025-05-24 03:51 autom4te.cache/output.0
-rw-r--r-- root/root    512034 2025-05-24 03:51 autom4te.cache/output.1
-rw-r--r-- root/root    512034 2025-05-24 03:51 autom4te.cache/output.2
-rw-r--r-- root/root    512037 2025-05-24 03:51 autom4te.cache/output.3
-rw-r--r-- root/root     29969 2025-05-24 03:51 autom4te.cache/requests
-rw-r--r-- root/root    128047 2025-05-24 03:51 autom4te.cache/traces.0
-rw-r--r-- root/root     44962 2025-05-24 03:51 autom4te.cache/traces.1
-rw-r--r-- root/root    125919 2025-05-24 03:51 autom4te.cache/traces.2
-rw-r--r-- root/root     44962 2025-05-24 03:51 autom4te.cache/traces.3
-rw-r--r-- root/root      5569 2025-05-24 03:51 config.h
-rw-r--r-- root/root      5275 2025-05-24 03:51 config.h.in
-rw-r--r-- root/root     34351 2025-05-24 03:51 config.log
-rwxr-xr-x root/root     59109 2025-05-24 03:51 config.status
-rwxr-xr-x root/root    508466 2025-05-24 03:51 configure
-rw-r--r-- root/root       786 2025-05-24 03:51 configure.ac
drwxr-xr-x root/root         0 2025-05-24 03:51 include/
-rw-r--r-- root/root     17226 2025-05-24 03:51 include/Makefile
-rw-r--r-- root/root       272 2025-05-24 03:51 include/Makefile.am
-rw-r--r-- root/root     17303 2025-05-24 03:51 include/Makefile.in
drwxr-xr-x root/root         0 2025-05-24 03:51 include/linux/
-rw-r--r-- root/root    272780 2025-05-24 03:51 include/linux/bpf.h
-rw-r--r-- root/root      1382 2025-05-24 03:51 include/linux/bpf_common.h
drwxr-xr-x root/root         0 2025-05-24 03:51 include/ply/
-rw-r--r-- root/root        17 2025-05-24 03:51 include/ply/.gitignore
-rw-r--r-- root/root       725 2025-05-24 03:51 include/ply/arch.h
-rw-r--r-- root/root       697 2025-05-24 03:51 include/ply/buffer.h
-rw-r--r-- root/root       938 2025-05-24 03:51 include/ply/func.h
-rw-r--r-- root/root       515 2025-05-24 03:51 include/ply/internal.h
-rw-r--r-- root/root      4963 2025-05-24 03:51 include/ply/ir.h
-rw-r--r-- root/root       847 2025-05-24 03:51 include/ply/kallsyms.h
-rw-r--r-- root/root      2141 2025-05-24 03:51 include/ply/node.h
-rw-r--r-- root/root       637 2025-05-24 03:51 include/ply/perf_event.h
-rw-r--r-- root/root      2174 2025-05-24 03:51 include/ply/ply.h
-rw-r--r-- root/root      1021 2025-05-24 03:51 include/ply/printxf.h
-rw-r--r-- root/root       689 2025-05-24 03:51 include/ply/provider.h
-rw-r--r-- root/root      1085 2025-05-24 03:51 include/ply/sym.h
-rw-r--r-- root/root      1033 2025-05-24 03:51 include/ply/syscall.h
-rw-r--r-- root/root      3752 2025-05-24 03:51 include/ply/type.h
-rw-r--r-- root/root      1995 2025-05-24 03:51 include/ply/utils.h
drwxr-xr-x root/root         0 2025-05-24 03:51 install/
-rw-r--r-- root/root      1700 2025-05-24 03:51 install/doinst.sh
-rw-r--r-- root/root       936 2025-05-24 03:51 install/slack-desc
drwxr-xr-x root/root         0 2025-05-24 03:51 lib/
drwxr-xr-x root/root         0 2025-05-24 03:51 lib/.deps/
-rw-r--r-- root/root         0 2025-05-24 03:51 lib/.deps/qsort_r.Plo
-rw-r--r-- root/root      5005 2025-05-24 03:51 lib/qsort_r.c
-rwxr-xr-x root/root    352691 2025-05-24 03:51 libtool
drwxr-xr-x root/root         0 2025-05-24 03:51 m4/
drwxr-xr-x root/root         0 2025-05-24 03:51 man/
-rw-r--r-- root/root        45 2025-05-24 03:51 man/.gitignore.gz
-rw-r--r-- root/root        91 2025-05-24 03:51 man/Makefile.am.gz
-rw-r--r-- root/root      5198 2025-05-24 03:51 man/Makefile.gz
-rw-r--r-- root/root      5124 2025-05-24 03:51 man/Makefile.in.gz
-rw-r--r-- root/root       164 2025-05-24 03:51 man/index.txt.gz
-rw-r--r-- root/root      5571 2025-05-24 03:51 man/ply.1.ronn.gz
drwxr-xr-x root/root         0 2025-05-24 03:51 scripts/
-rw-r--r-- root/root       145 2025-05-24 03:51 scripts/execsnoop.ply
-rw-r--r-- root/root       144 2025-05-24 03:51 scripts/net-rx.ply
-rwxr-xr-x root/root       146 2025-05-24 03:51 scripts/opensnoop.ply
drwxr-xr-x root/root         0 2025-05-24 03:51 src/
-rw-r--r-- root/root     18702 2025-05-24 03:51 src/Makefile
-rw-r--r-- root/root        56 2025-05-24 03:51 src/Makefile.am
-rw-r--r-- root/root     18791 2025-05-24 03:51 src/Makefile.in
drwxr-xr-x root/root         0 2025-05-24 03:51 src/libply/
drwxr-xr-x root/root         0 2025-05-24 03:51 src/libply/.deps/
-rw-r--r-- root/root      7725 2025-05-24 03:51 src/libply/.deps/libply_la-compile.Plo
-rw-r--r-- root/root      7725 2025-05-24 03:51 src/libply/.deps/libply_la-func.Plo
-rw-r--r-- root/root      5556 2025-05-24 03:51 src/libply/.deps/libply_la-grammar.Plo
-rw-r--r-- root/root      7810 2025-05-24 03:51 src/libply/.deps/libply_la-ir.Plo
-rw-r--r-- root/root      5032 2025-05-24 03:51 src/libply/.deps/libply_la-lexer.Plo
-rw-r--r-- root/root      7910 2025-05-24 03:51 src/libply/.deps/libply_la-libply.Plo
-rw-r--r-- root/root      7951 2025-05-24 03:51 src/libply/.deps/libply_la-node.Plo
-rw-r--r-- root/root      5770 2025-05-24 03:51 src/libply/.deps/libply_la-provider.Plo
-rw-r--r-- root/root      7766 2025-05-24 03:51 src/libply/.deps/libply_la-sym.Plo
-rw-r--r-- root/root      7860 2025-05-24 03:51 src/libply/.deps/libply_la-type.Plo
-rw-r--r-- root/root        24 2025-05-24 03:51 src/libply/.gitignore
drwxr-xr-x root/root         0 2025-05-24 03:51 src/libply/.libs/
-rw-r--r-- root/root   1598534 2025-05-24 03:51 src/libply/.libs/libply.a
-rw-r--r-- root/root       909 2025-05-24 03:51 src/libply/.libs/libply.lai
-rwxr-xr-x root/root    174280 2025-05-24 03:51 src/libply/.libs/libply.so.0.0.0
-rw-r--r-- root/root     40064 2025-05-24 03:51 src/libply/.libs/libply_la-compile.o
-rw-r--r-- root/root     27328 2025-05-24 03:51 src/libply/.libs/libply_la-func.o
-rw-r--r-- root/root     56200 2025-05-24 03:51 src/libply/.libs/libply_la-grammar.o
-rw-r--r-- root/root    109352 2025-05-24 03:51 src/libply/.libs/libply_la-ir.o
-rw-r--r-- root/root     88992 2025-05-24 03:51 src/libply/.libs/libply_la-lexer.o
-rw-r--r-- root/root     61720 2025-05-24 03:51 src/libply/.libs/libply_la-libply.o
-rw-r--r-- root/root     43976 2025-05-24 03:51 src/libply/.libs/libply_la-node.o
-rw-r--r-- root/root     13144 2025-05-24 03:51 src/libply/.libs/libply_la-provider.o
-rw-r--r-- root/root     21520 2025-05-24 03:51 src/libply/.libs/libply_la-sym.o
-rw-r--r-- root/root    122104 2025-05-24 03:51 src/libply/.libs/libply_la-type.o
-rw-r--r-- root/root     62365 2025-05-24 03:51 src/libply/Makefile
-rw-r--r-- root/root      1277 2025-05-24 03:51 src/libply/Makefile.am
-rw-r--r-- root/root     69247 2025-05-24 03:51 src/libply/Makefile.in
drwxr-xr-x root/root         0 2025-05-24 03:51 src/libply/arch/
drwxr-xr-x root/root         0 2025-05-24 03:51 src/libply/arch/.deps/
-rw-r--r-- root/root         0 2025-05-24 03:51 src/libply/arch/.deps/.dirstamp
-rw-r--r-- root/root      7260 2025-05-24 03:51 src/libply/arch/.deps/libply_la-x86_64.Plo
-rw-r--r-- root/root         0 2025-05-24 03:51 src/libply/arch/.dirstamp
drwxr-xr-x root/root         0 2025-05-24 03:51 src/libply/arch/.libs/
-rw-r--r-- root/root     21472 2025-05-24 03:51 src/libply/arch/.libs/libply_la-x86_64.o
-rw-r--r-- root/root      3167 2025-05-24 03:51 src/libply/arch/aarch64.c
-rw-r--r-- root/root      2441 2025-05-24 03:51 src/libply/arch/arm.c
-rw-r--r-- root/root       305 2025-05-24 03:51 src/libply/arch/libply_la-x86_64.lo
-rw-r--r-- root/root     20928 2025-05-24 03:51 src/libply/arch/libply_la-x86_64.o
-rw-r--r-- root/root      3024 2025-05-24 03:51 src/libply/arch/loongarch64.c
-rw-r--r-- root/root      5527 2025-05-24 03:51 src/libply/arch/mips.c
-rw-r--r-- root/root      3638 2025-05-24 03:51 src/libply/arch/powerpc.c
-rw-r--r-- root/root      3029 2025-05-24 03:51 src/libply/arch/riscv32.c
-rw-r--r-- root/root      3027 2025-05-24 03:51 src/libply/arch/riscv64.c
-rw-r--r-- root/root      2571 2025-05-24 03:51 src/libply/arch/x86_64.c
drwxr-xr-x root/root         0 2025-05-24 03:51 src/libply/aux/
drwxr-xr-x root/root         0 2025-05-24 03:51 src/libply/aux/.deps/
-rw-r--r-- root/root         0 2025-05-24 03:51 src/libply/aux/.deps/.dirstamp
-rw-r--r-- root/root      9208 2025-05-24 03:51 src/libply/aux/.deps/libply_la-kallsyms.Plo
-rw-r--r-- root/root      8340 2025-05-24 03:51 src/libply/aux/.deps/libply_la-perf_event.Plo
-rw-r--r-- root/root      4550 2025-05-24 03:51 src/libply/aux/.deps/libply_la-printxf.Plo
-rw-r--r-- root/root      3440 2025-05-24 03:51 src/libply/aux/.deps/libply_la-syscall.Plo
-rw-r--r-- root/root      7873 2025-05-24 03:51 src/libply/aux/.deps/libply_la-utils.Plo
-rw-r--r-- root/root         0 2025-05-24 03:51 src/libply/aux/.dirstamp
drwxr-xr-x root/root         0 2025-05-24 03:51 src/libply/aux/.libs/
-rw-r--r-- root/root     44048 2025-05-24 03:51 src/libply/aux/.libs/libply_la-kallsyms.o
-rw-r--r-- root/root     34104 2025-05-24 03:51 src/libply/aux/.libs/libply_la-perf_event.o
-rw-r--r-- root/root     21368 2025-05-24 03:51 src/libply/aux/.libs/libply_la-printxf.o
-rw-r--r-- root/root     33920 2025-05-24 03:51 src/libply/aux/.libs/libply_la-syscall.o
-rw-r--r-- root/root     33904 2025-05-24 03:51 src/libply/aux/.libs/libply_la-utils.o
-rw-r--r-- root/root      7815 2025-05-24 03:51 src/libply/aux/kallsyms.c
-rw-r--r-- root/root       310 2025-05-24 03:51 src/libply/aux/libply_la-kallsyms.lo
-rw-r--r-- root/root     43376 2025-05-24 03:51 src/libply/aux/libply_la-kallsyms.o
-rw-r--r-- root/root       316 2025-05-24 03:51 src/libply/aux/libply_la-perf_event.lo
-rw-r--r-- root/root     34016 2025-05-24 03:51 src/libply/aux/libply_la-perf_event.o
-rw-r--r-- root/root       307 2025-05-24 03:51 src/libply/aux/libply_la-printxf.lo
-rw-r--r-- root/root     24768 2025-05-24 03:51 src/libply/aux/libply_la-printxf.o
-rw-r--r-- root/root       307 2025-05-24 03:51 src/libply/aux/libply_la-syscall.lo
-rw-r--r-- root/root     34080 2025-05-24 03:51 src/libply/aux/libply_la-syscall.o
-rw-r--r-- root/root       301 2025-05-24 03:51 src/libply/aux/libply_la-utils.lo
-rw-r--r-- root/root     33656 2025-05-24 03:51 src/libply/aux/libply_la-utils.o
-rw-r--r-- root/root      2674 2025-05-24 03:51 src/libply/aux/perf_event.c
-rw-r--r-- root/root      4789 2025-05-24 03:51 src/libply/aux/printxf.c
-rw-r--r-- root/root      2548 2025-05-24 03:51 src/libply/aux/syscall.c
-rw-r--r-- root/root      2487 2025-05-24 03:51 src/libply/aux/utils.c
drwxr-xr-x root/root         0 2025-05-24 03:51 src/libply/built-in/
drwxr-xr-x root/root         0 2025-05-24 03:51 src/libply/built-in/.deps/
-rw-r--r-- root/root         0 2025-05-24 03:51 src/libply/built-in/.deps/.dirstamp
-rw-r--r-- root/root      7801 2025-05-24 03:51 src/libply/built-in/.deps/libply_la-aggregation.Plo
-rw-r--r-- root/root      8413 2025-05-24 03:51 src/libply/built-in/.deps/libply_la-buffer.Plo
-rw-r--r-- root/root      8664 2025-05-24 03:51 src/libply/built-in/.deps/libply_la-built-in.Plo
-rw-r--r-- root/root      7787 2025-05-24 03:51 src/libply/built-in/.deps/libply_la-flow.Plo
-rw-r--r-- root/root      7879 2025-05-24 03:51 src/libply/built-in/.deps/libply_la-math.Plo
-rw-r--r-- root/root      7791 2025-05-24 03:51 src/libply/built-in/.deps/libply_la-memory.Plo
-rw-r--r-- root/root      7881 2025-05-24 03:51 src/libply/built-in/.deps/libply_la-print.Plo
-rw-r--r-- root/root      8100 2025-05-24 03:51 src/libply/built-in/.deps/libply_la-proc.Plo
-rw-r--r-- root/root         0 2025-05-24 03:51 src/libply/built-in/.dirstamp
drwxr-xr-x root/root         0 2025-05-24 03:51 src/libply/built-in/.libs/
-rw-r--r-- root/root     57512 2025-05-24 03:51 src/libply/built-in/.libs/libply_la-aggregation.o
-rw-r--r-- root/root     66000 2025-05-24 03:51 src/libply/built-in/.libs/libply_la-buffer.o
-rw-r--r-- root/root     41976 2025-05-24 03:51 src/libply/built-in/.libs/libply_la-built-in.o
-rw-r--r-- root/root     42800 2025-05-24 03:51 src/libply/built-in/.libs/libply_la-flow.o
-rw-r--r-- root/root     58472 2025-05-24 03:51 src/libply/built-in/.libs/libply_la-math.o
-rw-r--r-- root/root    114464 2025-05-24 03:51 src/libply/built-in/.libs/libply_la-memory.o
-rw-r--r-- root/root     56368 2025-05-24 03:51 src/libply/built-in/.libs/libply_la-print.o
-rw-r--r-- root/root     72192 2025-05-24 03:51 src/libply/built-in/.libs/libply_la-proc.o
-rw-r--r-- root/root      8205 2025-05-24 03:51 src/libply/built-in/aggregation.c
-rw-r--r-- root/root      5737 2025-05-24 03:51 src/libply/built-in/buffer.c
-rw-r--r-- root/root      6857 2025-05-24 03:51 src/libply/built-in/built-in.c
-rw-r--r-- root/root       595 2025-05-24 03:51 src/libply/built-in/built-in.h
-rw-r--r-- root/root      4304 2025-05-24 03:51 src/libply/built-in/flow.c
-rw-r--r-- root/root       324 2025-05-24 03:51 src/libply/built-in/libply_la-aggregation.lo
-rw-r--r-- root/root     56848 2025-05-24 03:51 src/libply/built-in/libply_la-aggregation.o
-rw-r--r-- root/root       309 2025-05-24 03:51 src/libply/built-in/libply_la-buffer.lo
-rw-r--r-- root/root     65360 2025-05-24 03:51 src/libply/built-in/libply_la-buffer.o
-rw-r--r-- root/root       315 2025-05-24 03:51 src/libply/built-in/libply_la-built-in.lo
-rw-r--r-- root/root     41960 2025-05-24 03:51 src/libply/built-in/libply_la-built-in.o
-rw-r--r-- root/root       303 2025-05-24 03:51 src/libply/built-in/libply_la-flow.lo
-rw-r--r-- root/root     42400 2025-05-24 03:51 src/libply/built-in/libply_la-flow.o
-rw-r--r-- root/root       303 2025-05-24 03:51 src/libply/built-in/libply_la-math.lo
-rw-r--r-- root/root     57592 2025-05-24 03:51 src/libply/built-in/libply_la-math.o
-rw-r--r-- root/root       309 2025-05-24 03:51 src/libply/built-in/libply_la-memory.lo
-rw-r--r-- root/root    113336 2025-05-24 03:51 src/libply/built-in/libply_la-memory.o
-rw-r--r-- root/root       306 2025-05-24 03:51 src/libply/built-in/libply_la-print.lo
-rw-r--r-- root/root     57304 2025-05-24 03:51 src/libply/built-in/libply_la-print.o
-rw-r--r-- root/root       303 2025-05-24 03:51 src/libply/built-in/libply_la-proc.lo
-rw-r--r-- root/root     71344 2025-05-24 03:51 src/libply/built-in/libply_la-proc.o
-rw-r--r-- root/root     10739 2025-05-24 03:51 src/libply/built-in/math.c
-rw-r--r-- root/root     20736 2025-05-24 03:51 src/libply/built-in/memory.c
-rw-r--r-- root/root      7773 2025-05-24 03:51 src/libply/built-in/print.c
-rw-r--r-- root/root     10093 2025-05-24 03:51 src/libply/built-in/proc.c
-rw-r--r-- root/root      4250 2025-05-24 03:51 src/libply/compile.c
-rw-r--r-- root/root      2403 2025-05-24 03:51 src/libply/func.c
-rw-r--r-- root/root     76064 2025-05-24 03:51 src/libply/grammar.c
-rw-r--r-- root/root      4268 2025-05-24 03:51 src/libply/grammar.h
-rw-r--r-- root/root      4439 2025-05-24 03:51 src/libply/grammar.y
-rw-r--r-- root/root     16076 2025-05-24 03:51 src/libply/ir.c
-rw-r--r-- root/root     63334 2025-05-24 03:51 src/libply/lexer.c
-rw-r--r-- root/root     12286 2025-05-24 03:51 src/libply/lexer.h
-rw-r--r-- root/root      2462 2025-05-24 03:51 src/libply/lexer.l
-rw-r--r-- root/root      9750 2025-05-24 03:51 src/libply/libply.c
-rw-r--r-- root/root       908 2025-05-24 03:51 src/libply/libply.la
-rw-r--r-- root/root       303 2025-05-24 03:51 src/libply/libply_la-compile.lo
-rw-r--r-- root/root     40016 2025-05-24 03:51 src/libply/libply_la-compile.o
-rw-r--r-- root/root       294 2025-05-24 03:51 src/libply/libply_la-func.lo
-rw-r--r-- root/root     27128 2025-05-24 03:51 src/libply/libply_la-func.o
-rw-r--r-- root/root       303 2025-05-24 03:51 src/libply/libply_la-grammar.lo
-rw-r--r-- root/root     57416 2025-05-24 03:51 src/libply/libply_la-grammar.o
-rw-r--r-- root/root       288 2025-05-24 03:51 src/libply/libply_la-ir.lo
-rw-r--r-- root/root    131776 2025-05-24 03:51 src/libply/libply_la-ir.o
-rw-r--r-- root/root       297 2025-05-24 03:51 src/libply/libply_la-lexer.lo
-rw-r--r-- root/root     93744 2025-05-24 03:51 src/libply/libply_la-lexer.o
-rw-r--r-- root/root       300 2025-05-24 03:51 src/libply/libply_la-libply.lo
-rw-r--r-- root/root     61352 2025-05-24 03:51 src/libply/libply_la-libply.o
-rw-r--r-- root/root       294 2025-05-24 03:51 src/libply/libply_la-node.lo
-rw-r--r-- root/root     48104 2025-05-24 03:51 src/libply/libply_la-node.o
-rw-r--r-- root/root       306 2025-05-24 03:51 src/libply/libply_la-provider.lo
-rw-r--r-- root/root     13256 2025-05-24 03:51 src/libply/libply_la-provider.o
-rw-r--r-- root/root       291 2025-05-24 03:51 src/libply/libply_la-sym.lo
-rw-r--r-- root/root     21720 2025-05-24 03:51 src/libply/libply_la-sym.o
-rw-r--r-- root/root       294 2025-05-24 03:51 src/libply/libply_la-type.lo
-rw-r--r-- root/root    122800 2025-05-24 03:51 src/libply/libply_la-type.o
-rw-r--r-- root/root      5329 2025-05-24 03:51 src/libply/node.c
drwxr-xr-x root/root         0 2025-05-24 03:51 src/libply/provider/
-rw-r--r-- root/root      1327 2025-05-24 03:51 src/libply/provider.c
drwxr-xr-x root/root         0 2025-05-24 03:51 src/libply/provider/.deps/
-rw-r--r-- root/root         0 2025-05-24 03:51 src/libply/provider/.deps/.dirstamp
-rw-r--r-- root/root      7846 2025-05-24 03:51 src/libply/provider/.deps/libply_la-interval.Plo
-rw-r--r-- root/root      8223 2025-05-24 03:51 src/libply/provider/.deps/libply_la-kprobe.Plo
-rw-r--r-- root/root      8266 2025-05-24 03:51 src/libply/provider/.deps/libply_la-kretprobe.Plo
-rw-r--r-- root/root      7844 2025-05-24 03:51 src/libply/provider/.deps/libply_la-profile.Plo
-rw-r--r-- root/root      7752 2025-05-24 03:51 src/libply/provider/.deps/libply_la-special.Plo
-rw-r--r-- root/root      8630 2025-05-24 03:51 src/libply/provider/.deps/libply_la-tracepoint.Plo
-rw-r--r-- root/root      7973 2025-05-24 03:51 src/libply/provider/.deps/libply_la-xprobe.Plo
-rw-r--r-- root/root         0 2025-05-24 03:51 src/libply/provider/.dirstamp
drwxr-xr-x root/root         0 2025-05-24 03:51 src/libply/provider/.libs/
-rw-r--r-- root/root     31768 2025-05-24 03:51 src/libply/provider/.libs/libply_la-interval.o
-rw-r--r-- root/root     39904 2025-05-24 03:51 src/libply/provider/.libs/libply_la-kprobe.o
-rw-r--r-- root/root     32176 2025-05-24 03:51 src/libply/provider/.libs/libply_la-kretprobe.o
-rw-r--r-- root/root     38304 2025-05-24 03:51 src/libply/provider/.libs/libply_la-profile.o
-rw-r--r-- root/root     20928 2025-05-24 03:51 src/libply/provider/.libs/libply_la-special.o
-rw-r--r-- root/root     74352 2025-05-24 03:51 src/libply/provider/.libs/libply_la-tracepoint.o
-rw-r--r-- root/root     44032 2025-05-24 03:51 src/libply/provider/.libs/libply_la-xprobe.o
-rw-r--r-- root/root      2066 2025-05-24 03:51 src/libply/provider/interval.c
-rw-r--r-- root/root      4317 2025-05-24 03:51 src/libply/provider/kprobe.c
-rw-r--r-- root/root       287 2025-05-24 03:51 src/libply/provider/kprobe.h
-rw-r--r-- root/root      2123 2025-05-24 03:51 src/libply/provider/kretprobe.c
-rw-r--r-- root/root       315 2025-05-24 03:51 src/libply/provider/libply_la-interval.lo
-rw-r--r-- root/root     31312 2025-05-24 03:51 src/libply/provider/libply_la-interval.o
-rw-r--r-- root/root       309 2025-05-24 03:51 src/libply/provider/libply_la-kprobe.lo
-rw-r--r-- root/root     39208 2025-05-24 03:51 src/libply/provider/libply_la-kprobe.o
-rw-r--r-- root/root       318 2025-05-24 03:51 src/libply/provider/libply_la-kretprobe.lo
-rw-r--r-- root/root     31832 2025-05-24 03:51 src/libply/provider/libply_la-kretprobe.o
-rw-r--r-- root/root       312 2025-05-24 03:51 src/libply/provider/libply_la-profile.lo
-rw-r--r-- root/root     38056 2025-05-24 03:51 src/libply/provider/libply_la-profile.o
-rw-r--r-- root/root       312 2025-05-24 03:51 src/libply/provider/libply_la-special.lo
-rw-r--r-- root/root     20848 2025-05-24 03:51 src/libply/provider/libply_la-special.o
-rw-r--r-- root/root       321 2025-05-24 03:51 src/libply/provider/libply_la-tracepoint.lo
-rw-r--r-- root/root     73016 2025-05-24 03:51 src/libply/provider/libply_la-tracepoint.o
-rw-r--r-- root/root       309 2025-05-24 03:51 src/libply/provider/libply_la-xprobe.lo
-rw-r--r-- root/root     43432 2025-05-24 03:51 src/libply/provider/libply_la-xprobe.o
-rw-r--r-- root/root      2378 2025-05-24 03:51 src/libply/provider/profile.c
-rw-r--r-- root/root       656 2025-05-24 03:51 src/libply/provider/special.c
-rw-r--r-- root/root      9392 2025-05-24 03:51 src/libply/provider/tracepoint.c
-rw-r--r-- root/root      5413 2025-05-24 03:51 src/libply/provider/xprobe.c
-rw-r--r-- root/root       418 2025-05-24 03:51 src/libply/provider/xprobe.h
-rw-r--r-- root/root      1353 2025-05-24 03:51 src/libply/sym.c
-rw-r--r-- root/root     17937 2025-05-24 03:51 src/libply/type.c
drwxr-xr-x root/root         0 2025-05-24 03:51 src/ply/
drwxr-xr-x root/root         0 2025-05-24 03:51 src/ply/.deps/
-rw-r--r-- root/root      8617 2025-05-24 03:51 src/ply/.deps/ply-ply.Po
-rw-r--r-- root/root        20 2025-05-24 03:51 src/ply/.gitignore
drwxr-xr-x root/root         0 2025-05-24 03:51 src/ply/.libs/
-rwxr-xr-x root/root     21416 2025-05-24 03:51 src/ply/.libs/ply
-rw-r--r-- root/root     20940 2025-05-24 03:51 src/ply/Makefile
-rw-r--r-- root/root       283 2025-05-24 03:51 src/ply/Makefile.am
-rw-r--r-- root/root     21907 2025-05-24 03:51 src/ply/Makefile.in
-rwxr-xr-x root/root      7402 2025-05-24 03:51 src/ply/ply
-rw-r--r-- root/root      2970 2025-05-24 03:51 src/ply/ply-gdb.py
-rw-r--r-- root/root     44344 2025-05-24 03:51 src/ply/ply-ply.o
-rw-r--r-- root/root      7035 2025-05-24 03:51 src/ply/ply.c
-rw-r--r-- root/root     11528 2025-05-24 03:51 src/ply/self-test.bytes
-rwxr-xr-x root/root      2277 2025-05-24 03:51 src/ply/self-test.sh
-rw-r--r-- root/root        23 2025-05-24 03:51 stamp-h1
drwxr-xr-x root/root         0 2025-05-24 03:51 test/
-rw-r--r-- root/root        24 2025-05-24 03:51 test/.gitignore
-rw-r--r-- root/root      3644 2025-05-24 03:51 test/Makefile
-rw-r--r-- root/root      1229 2025-05-24 03:51 test/README.md
drwxr-xr-x root/root         0 2025-05-24 03:51 test/rootfs/
drwxr-xr-x root/root         0 2025-05-24 03:51 test/rootfs/etc/
-rw-r--r-- root/root       239 2025-05-24 03:51 test/rootfs/etc/fstab
-rw-r--r-- root/root         9 2025-05-24 03:51 test/rootfs/etc/hostname
drwxr-xr-x root/root         0 2025-05-24 03:51 test/rootfs/etc/init.d/
-rw-r--r-- root/root        51 2025-05-24 03:51 test/rootfs/etc/init.d/test.sh
-rw-r--r-- root/root       153 2025-05-24 03:51 test/rootfs/etc/inittab
-rw-r--r-- root/root        14 2025-05-24 03:51 test/rootfs/etc/shadow
drwxr-xr-x root/root         0 2025-05-24 03:51 test/rootfs/lib/
drwxr-xr-x root/root         0 2025-05-24 03:51 test/rootfs/lib/ply/
-rwxr-xr-x root/root       325 2025-05-24 03:51 test/rootfs/lib/ply/test-wrapper.sh
-rwxr-xr-x root/root      2770 2025-05-24 03:51 test/rootfs/lib/ply/test.sh
drwxr-xr-x root/root         0 2025-05-24 03:51 usr/
drwxr-xr-x root/root         0 2025-05-24 03:51 usr/doc/
drwxr-xr-x root/root         0 2025-05-24 03:51 usr/doc/ply-2.4.0/
-rw-r--r-- root/root      3849 2025-05-24 03:51 usr/doc/ply-2.4.0/CHANGELOG.md
-rw-r--r-- root/root      3508 2025-05-24 03:51 usr/doc/ply-2.4.0/README.md
-rw-r--r-- root/root      8980 2025-05-24 03:51 usr/doc/ply-2.4.0/ply.SlackBuild
drwxr-xr-x root/root         0 2025-05-24 03:51 usr/local/
drwxr-xr-x root/root         0 2025-05-24 03:51 usr/local/include/
drwxr-xr-x root/root         0 2025-05-24 03:51 usr/local/include/ply/
-rw-r--r-- root/root       725 2025-05-24 03:51 usr/local/include/ply/arch.h
-rw-r--r-- root/root       697 2025-05-24 03:51 usr/local/include/ply/buffer.h
-rw-r--r-- root/root       938 2025-05-24 03:51 usr/local/include/ply/func.h
-rw-r--r-- root/root       515 2025-05-24 03:51 usr/local/include/ply/internal.h
-rw-r--r-- root/root      4963 2025-05-24 03:51 usr/local/include/ply/ir.h
-rw-r--r-- root/root       847 2025-05-24 03:51 usr/local/include/ply/kallsyms.h
-rw-r--r-- root/root      2141 2025-05-24 03:51 usr/local/include/ply/node.h
-rw-r--r-- root/root       637 2025-05-24 03:51 usr/local/include/ply/perf_event.h
-rw-r--r-- root/root      2174 2025-05-24 03:51 usr/local/include/ply/ply.h
-rw-r--r-- root/root      1021 2025-05-24 03:51 usr/local/include/ply/printxf.h
-rw-r--r-- root/root       689 2025-05-24 03:51 usr/local/include/ply/provider.h
-rw-r--r-- root/root      1085 2025-05-24 03:51 usr/local/include/ply/sym.h
-rw-r--r-- root/root      1033 2025-05-24 03:51 usr/local/include/ply/syscall.h
-rw-r--r-- root/root      3752 2025-05-24 03:51 usr/local/include/ply/type.h
-rw-r--r-- root/root      1995 2025-05-24 03:51 usr/local/include/ply/utils.h
drwxr-xr-x root/root         0 2025-05-24 03:51 usr/local/lib/
-rw-r--r-- root/root   1598534 2025-05-24 03:51 usr/local/lib/libply.a
-rwxr-xr-x root/root       909 2025-05-24 03:51 usr/local/lib/libply.la
-rwxr-xr-x root/root    174280 2025-05-24 03:51 usr/local/lib/libply.so.0.0.0
drwxr-xr-x root/root         0 2025-05-24 03:51 usr/local/sbin/
-rwxr-xr-x root/root     21416 2025-05-24 03:51 usr/local/sbin/ply
drwxr-xr-x root/root         0 2025-05-24 03:51 usr/local/share/
drwxr-xr-x root/root         0 2025-05-24 03:51 usr/local/share/doc/
drwxr-xr-x root/root         0 2025-05-24 03:51 usr/local/share/doc/ply/
-rw-r--r-- root/root     18092 2025-05-24 03:51 usr/local/share/doc/ply/COPYING
-rw-r--r-- root/root      3508 2025-05-24 03:51 usr/local/share/doc/ply/README.md


