++========================================
||
||   Package:  ./slackrepo/slackrepo-20241108-noarch-1_SBo.tgz
||
++========================================
drwxr-xr-x root/root         0 2025-01-29 06:10 ./
drwxr-xr-x root/root         0 2025-01-29 06:10 etc/
drwxr-xr-x root/root         0 2025-01-29 06:10 etc/slackrepo/
-rw-r--r-- root/root      7730 2024-11-08 23:47 etc/slackrepo/slackrepo_SBo.conf.new
-rw-r--r-- root/root      7402 2024-11-08 23:47 etc/slackrepo/slackrepo_csb.conf.new
-rw-r--r-- root/root      7420 2024-11-08 23:47 etc/slackrepo/slackrepo_msb.conf.new
-rw-r--r-- root/root      9486 2024-11-08 23:47 etc/slackrepo/slackrepo_ponce.conf.new
drwxr-x--- root/root         0 2025-01-29 06:10 etc/sudoers.d/
-rw-r----- root/root       153 2024-11-08 23:47 etc/sudoers.d/slackrepo.new
drwxr-xr-x root/root         0 2025-01-29 06:10 install/
-rw-r--r-- root/root      3141 2025-01-29 06:10 install/doinst.sh
-rw-r--r-- root/root       823 2025-01-29 06:10 install/slack-desc
drwxr-xr-x root/root         0 2025-01-29 06:10 usr/
drwxr-xr-x root/root         0 2025-01-29 06:10 usr/bin/
drwxr-xr-x root/root         0 2025-01-29 06:10 usr/doc/
drwxr-xr-x root/root         0 2025-01-29 06:10 usr/doc/slackrepo-20241108/
-rw-r--r-- root/root       477 2024-11-08 23:47 usr/doc/slackrepo-20241108/BUGS
-rw-r--r-- root/root      3483 2024-11-08 23:47 usr/doc/slackrepo-20241108/LICENCE
-rw-r--r-- root/root      4881 2024-11-08 23:47 usr/doc/slackrepo-20241108/NEWS
-rw-r--r-- root/root       460 2024-11-08 23:47 usr/doc/slackrepo-20241108/README
-rw-r--r-- root/root      1157 2024-11-08 23:47 usr/doc/slackrepo-20241108/TODO
-rw-r--r-- root/root      3064 2025-01-29 06:10 usr/doc/slackrepo-20241108/slackrepo.SlackBuild
drwxr-xr-x root/root         0 2025-01-29 06:10 usr/libexec/
drwxr-xr-x root/root         0 2025-01-29 06:10 usr/libexec/slackrepo/
drwxr-xr-x root/root         0 2024-11-08 23:47 usr/libexec/slackrepo/functions.d/
-rwxr-xr-x root/root     31751 2024-11-08 23:47 usr/libexec/slackrepo/functions.d/buildfunctions.sh
-rwxr-xr-x root/root     25420 2024-11-08 23:47 usr/libexec/slackrepo/functions.d/cmdfunctions.sh
-rwxr-xr-x root/root     21607 2024-11-08 23:47 usr/libexec/slackrepo/functions.d/dbfunctions.sh
-rwxr-xr-x root/root      5001 2024-11-08 23:47 usr/libexec/slackrepo/functions.d/hookfunctions.sh
-rwxr-xr-x root/root     14928 2024-11-08 23:47 usr/libexec/slackrepo/functions.d/installfunctions.sh
-rwxr-xr-x root/root     19243 2024-11-08 23:47 usr/libexec/slackrepo/functions.d/logfunctions.sh
-rwxr-xr-x root/root     25767 2024-11-08 23:47 usr/libexec/slackrepo/functions.d/parsefunctions.sh
-rwxr-xr-x root/root     27385 2024-11-08 23:47 usr/libexec/slackrepo/functions.d/revfunctions.sh
-rwxr-xr-x root/root     14424 2024-11-08 23:47 usr/libexec/slackrepo/functions.d/srcfunctions.sh
-rwxr-xr-x root/root     21939 2024-11-08 23:47 usr/libexec/slackrepo/functions.d/testfunctions.sh
-rw-r--r-- root/root     31522 2024-11-08 23:47 usr/libexec/slackrepo/gen_repos_files.sh
-rwxr-xr-x root/root     13321 2024-11-08 23:47 usr/libexec/slackrepo/makepkg
-rwxr-xr-x root/root      1106 2024-11-08 23:47 usr/libexec/slackrepo/s_reinstall
-rwxr-xr-x root/root       493 2024-11-08 23:47 usr/libexec/slackrepo/sudo
-rwxr-xr-x root/root       640 2024-11-08 23:47 usr/libexec/slackrepo/unbuffer
drwxr-xr-x root/root         0 2024-11-08 23:47 usr/man/
drwxr-xr-x root/root         0 2025-01-29 06:10 usr/man/man5/
-rw-r--r-- root/root      4275 2024-11-08 23:47 usr/man/man5/slackrepo.conf.5.gz
-rw-r--r-- root/root      4443 2024-11-08 23:47 usr/man/man5/slackrepo.hint.5.gz
drwxr-xr-x root/root         0 2025-01-29 06:10 usr/man/man8/
-rw-r--r-- root/root      4202 2024-11-08 23:47 usr/man/man8/slackrepo.8.gz
drwxr-xr-x root/root         0 2025-01-29 06:10 usr/sbin/
-rwxr-xr-x root/root     31035 2025-01-29 06:10 usr/sbin/slackrepo
drwxr-xr-x root/root         0 2025-01-29 06:10 usr/share/
drwxr-xr-x root/root         0 2024-11-08 23:47 usr/share/slackrepo/
drwxr-xr-x root/root         0 2024-11-08 23:47 usr/share/slackrepo/SBo/
-rw-r--r-- root/root    911424 2024-11-08 23:47 usr/share/slackrepo/SBo/buildsecs_i686.sql
-rw-r--r-- root/root    935889 2024-11-08 23:47 usr/share/slackrepo/SBo/buildsecs_x86_64.sql
drwxr-xr-x root/root         0 2024-11-08 23:47 usr/share/slackrepo/csb/
-rw-r--r-- root/root      5410 2024-11-08 23:47 usr/share/slackrepo/csb/buildsecs_i686.sql
-rw-r--r-- root/root      5407 2024-11-08 23:47 usr/share/slackrepo/csb/buildsecs_x86_64.sql
-rwxr-xr-x root/root      1721 2024-11-08 23:47 usr/share/slackrepo/dump_buildsecs.sh
drwxr-xr-x root/root         0 2024-11-08 23:47 usr/share/slackrepo/msb/
-rw-r--r-- root/root      6990 2024-11-08 23:47 usr/share/slackrepo/msb/buildsecs_i686.sql
-rw-r--r-- root/root      6986 2024-11-08 23:47 usr/share/slackrepo/msb/buildsecs_x86_64.sql
drwxr-xr-x root/root         0 2024-11-08 23:47 usr/share/slackrepo/ponce/
-rw-r--r-- root/root    710508 2024-11-08 23:47 usr/share/slackrepo/ponce/buildsecs_i686.sql
-rw-r--r-- root/root    708798 2024-11-08 23:47 usr/share/slackrepo/ponce/buildsecs_x86_64.sql
-rw-r--r-- root/root       537 2024-11-08 23:47 usr/share/slackrepo/stubs-32.h
-rwxr-xr-x root/root       151 2024-11-08 23:47 usr/share/slackrepo/uname
drwxr-xr-x root/root         0 2025-01-29 06:10 var/
drwxr-xr-x root/root         0 2025-01-29 06:10 var/lib/
drwxr-xr-x root/root         0 2025-01-29 06:10 var/lib/slackrepo/
drwxr-xr-x root/root         0 2025-01-29 06:10 var/log/
drwxr-xr-x root/root         0 2025-01-29 06:10 var/log/slackrepo/


