++========================================
||
||   Package:  ./bpftool/bpftool-7.5.0-x86_64-1_SBo.tgz
||
++========================================
drwxr-xr-x root/root         0 2025-05-22 23:41 ./
drwxr-xr-x root/root         0 2025-05-22 23:41 install/
-rw-r--r-- root/root       879 2025-05-22 23:41 install/slack-desc
drwxr-xr-x root/root         0 2025-05-22 23:41 usr/
drwxr-xr-x root/root         0 2025-05-22 23:41 usr/doc/
drwxr-xr-x root/root         0 2025-05-22 23:41 usr/doc/bpftool-7.5.0/
-rw-r--r-- root/root      9166 2025-05-22 23:41 usr/doc/bpftool-7.5.0/bpftool.SlackBuild
drwxr-xr-x root/root         0 2025-05-22 23:41 usr/doc/bpftool-7.5.0/docs/
-rw-r--r-- root/root        69 2025-05-22 23:41 usr/doc/bpftool-7.5.0/docs/.gitignore
-rw-r--r-- root/root      1424 2025-05-22 23:41 usr/doc/bpftool-7.5.0/docs/Makefile
-rw-r--r-- root/root      8646 2025-05-22 23:41 usr/doc/bpftool-7.5.0/docs/bpftool-btf.rst
-rw-r--r-- root/root      6792 2025-05-22 23:41 usr/doc/bpftool-7.5.0/docs/bpftool-cgroup.rst
-rw-r--r-- root/root      3471 2025-05-22 23:41 usr/doc/bpftool-7.5.0/docs/bpftool-feature.rst
-rw-r--r-- root/root     15912 2025-05-22 23:41 usr/doc/bpftool-7.5.0/docs/bpftool-gen.rst
-rw-r--r-- root/root      2092 2025-05-22 23:41 usr/doc/bpftool-7.5.0/docs/bpftool-iter.rst
-rw-r--r-- root/root      2861 2025-05-22 23:41 usr/doc/bpftool-7.5.0/docs/bpftool-link.rst
-rw-r--r-- root/root      9942 2025-05-22 23:41 usr/doc/bpftool-7.5.0/docs/bpftool-map.rst
-rw-r--r-- root/root      6412 2025-05-22 23:41 usr/doc/bpftool-7.5.0/docs/bpftool-net.rst
-rw-r--r-- root/root      2052 2025-05-22 23:41 usr/doc/bpftool-7.5.0/docs/bpftool-perf.rst
-rw-r--r-- root/root     15098 2025-05-22 23:41 usr/doc/bpftool-7.5.0/docs/bpftool-prog.rst
-rw-r--r-- root/root      2710 2025-05-22 23:41 usr/doc/bpftool-7.5.0/docs/bpftool-struct_ops.rst
-rw-r--r-- root/root      2118 2025-05-22 23:41 usr/doc/bpftool-7.5.0/docs/bpftool.rst
-rw-r--r-- root/root       962 2025-05-22 23:41 usr/doc/bpftool-7.5.0/docs/common_options.rst
-rw-r--r-- root/root       169 2025-05-22 23:41 usr/doc/bpftool-7.5.0/docs/substitutions.rst
drwxr-xr-x root/root         0 2025-05-22 23:41 usr/local/
drwxr-xr-x root/root         0 2025-05-22 23:41 usr/local/sbin/
-rwxr-xr-x root/root    648224 2025-05-22 23:41 usr/local/sbin/bpftool
drwxr-xr-x root/root         0 2025-05-22 23:41 usr/share/
drwxr-xr-x root/root         0 2025-05-22 23:41 usr/share/bash-completion/
drwxr-xr-x root/root         0 2025-05-22 23:41 usr/share/bash-completion/completions/
-rw-r--r-- root/root     44465 2025-05-22 23:41 usr/share/bash-completion/completions/bpftool


