++========================================
||
||   Package:  ./valkey/valkey-8.0.2-x86_64-1_SBo.tgz
||
++========================================
drwxr-xr-x root/root         0 2025-01-29 03:27 ./
drwxr-xr-x root/root         0 2025-01-29 03:27 etc/
drwxr-xr-x root/root         0 2025-01-29 03:27 etc/logrotate.d/
-rw-r--r-- root/root       131 2025-01-29 03:27 etc/logrotate.d/valkey.new
drwxr-xr-x root/root         0 2025-01-29 03:27 etc/rc.d/
-rw-r--r-- root/root       957 2025-01-29 03:27 etc/rc.d/rc.valkey.new
drwxr-xr-x root/root         0 2025-01-29 03:27 etc/valkey/
-rw-r--r-- root/root     14543 2025-01-29 03:27 etc/valkey/sentinel.conf.new
-rw-r--r-- root/root    112759 2025-01-29 03:27 etc/valkey/valkey.conf.new
drwxr-xr-x root/root         0 2025-01-29 03:27 install/
-rw-r--r-- root/root      1539 2025-01-29 03:27 install/doinst.sh
-rw-r--r-- root/root      1092 2025-01-29 03:27 install/slack-desc
drwxr-xr-x root/root         0 2025-01-29 03:27 usr/
drwxr-xr-x root/root         0 2025-01-29 03:27 usr/bin/
-rwxr-xr-x root/root    905656 2025-01-29 03:27 usr/bin/valkey-benchmark
-rwxr-xr-x root/root   1140664 2025-01-29 03:27 usr/bin/valkey-cli
-rwxr-xr-x root/root   3305856 2025-01-29 03:27 usr/bin/valkey-server
drwxr-xr-x root/root         0 2025-01-29 03:27 usr/doc/
drwxr-xr-x root/root         0 2025-01-29 03:27 usr/doc/valkey-8.0.2/
-rw-r--r-- root/root     22264 2025-01-07 21:14 usr/doc/valkey-8.0.2/00-RELEASENOTES
-rw-r--r-- root/root      5032 2025-01-07 21:14 usr/doc/valkey-8.0.2/CODE_OF_CONDUCT.md
-rw-r--r-- root/root      5335 2025-01-07 21:14 usr/doc/valkey-8.0.2/CONTRIBUTING.md
-rw-r--r-- root/root      3052 2025-01-07 21:14 usr/doc/valkey-8.0.2/COPYING
-rw-r--r-- root/root      4732 2025-01-07 21:14 usr/doc/valkey-8.0.2/GOVERNANCE.md
-rw-r--r-- root/root      1141 2025-01-07 21:14 usr/doc/valkey-8.0.2/MAINTAINERS.md
-rw-r--r-- root/root     10032 2025-01-07 21:14 usr/doc/valkey-8.0.2/README.md
-rw-r--r-- root/root       467 2025-01-07 21:14 usr/doc/valkey-8.0.2/SECURITY.md
-rw-r--r-- root/root      4499 2025-01-29 03:27 usr/doc/valkey-8.0.2/valkey.SlackBuild
drwxr-xr-x root/root         0 2025-01-29 03:27 var/
drwxr-xr-x root/root         0 2025-01-29 03:27 var/lib/
drwx------ root/root         0 2025-01-29 03:27 var/lib/valkey/
drwxr-xr-x root/root         0 2025-01-29 03:27 var/log/
drwxr-xr-x root/root         0 2025-01-29 03:27 var/log/valkey/


