++========================================
||
||   Package:  ./bcc/bcc-0.32.0-x86_64-1_loom.tgz
||
++========================================
drwxr-xr-x root/root         0 2025-01-28 19:43 ./
drwxr-xr-x root/root         0 2025-01-28 19:43 install/
-rw-r--r-- root/root      5290 2025-01-28 19:43 install/doinst.sh
-rw-r--r-- root/root       881 2025-01-28 19:43 install/slack-desc
drwxr-xr-x root/root         0 2025-01-28 19:43 usr/
drwxr-xr-x root/root         0 2025-01-28 19:43 usr/doc/
drwxr-xr-x root/root         0 2025-01-28 19:43 usr/doc/bcc-0.32.0/
-rw-r--r-- root/root       795 2025-01-28 19:38 usr/doc/bcc-0.32.0/CODEOWNERS
-rw-r--r-- root/root      7540 2025-01-28 19:38 usr/doc/bcc-0.32.0/CONTRIBUTING-SCRIPTS.md
-rw-r--r-- root/root      2554 2025-01-28 19:38 usr/doc/bcc-0.32.0/FAQ.txt
-rw-r--r-- root/root     11357 2025-01-28 19:38 usr/doc/bcc-0.32.0/LICENSE.txt
-rw-r--r-- root/root      6431 2025-01-28 19:38 usr/doc/bcc-0.32.0/LINKS.md
-rw-r--r-- root/root       587 2025-01-28 19:38 usr/doc/bcc-0.32.0/QUICKSTART.md
-rw-r--r-- root/root     23046 2025-01-28 19:38 usr/doc/bcc-0.32.0/README.md
-rw-r--r-- root/root      3610 2025-01-28 19:43 usr/doc/bcc-0.32.0/bcc.SlackBuild
drwxr-xr-x root/root         0 2025-01-28 19:43 usr/include/
drwxr-xr-x root/root         0 2025-01-28 19:43 usr/include/bcc/
-rw-r--r-- root/root     16169 2025-01-28 19:38 usr/include/bcc/BPF.h
-rw-r--r-- root/root     22271 2025-01-28 19:38 usr/include/bcc/BPFTable.h
-rw-r--r-- root/root      3632 2025-01-28 19:38 usr/include/bcc/bcc_common.h
-rw-r--r-- root/root      3664 2025-01-28 19:38 usr/include/bcc/bcc_elf.h
-rw-r--r-- root/root      2945 2025-01-28 19:38 usr/include/bcc/bcc_exception.h
-rw-r--r-- root/root      2612 2025-01-28 19:38 usr/include/bcc/bcc_proc.h
-rw-r--r-- root/root      5098 2025-01-28 19:38 usr/include/bcc/bcc_syms.h
-rw-r--r-- root/root      3275 2025-01-28 19:38 usr/include/bcc/bcc_usdt.h
-rw-r--r-- root/root       476 2025-01-28 19:38 usr/include/bcc/bcc_version.h
-rw-r--r-- root/root      6950 2025-01-28 19:38 usr/include/bcc/bpf_module.h
drwxr-xr-x root/root         0 2025-01-28 19:43 usr/include/bcc/compat/
drwxr-xr-x root/root         0 2025-01-28 19:43 usr/include/bcc/compat/linux/
-rw-r--r-- root/root    280085 2025-01-28 19:38 usr/include/bcc/compat/linux/bpf.h
-rw-r--r-- root/root      1382 2025-01-28 19:38 usr/include/bcc/compat/linux/bpf_common.h
-rw-r--r-- root/root      5606 2025-01-28 19:38 usr/include/bcc/compat/linux/btf.h
-rw-r--r-- root/root     35193 2025-01-28 19:38 usr/include/bcc/compat/linux/if_link.h
-rw-r--r-- root/root      5008 2025-01-28 19:38 usr/include/bcc/compat/linux/if_xdp.h
-rw-r--r-- root/root      5794 2025-01-28 19:38 usr/include/bcc/compat/linux/netdev.h
-rw-r--r-- root/root      7892 2025-01-28 19:38 usr/include/bcc/compat/linux/netlink.h
-rw-r--r-- root/root     43460 2025-01-28 19:38 usr/include/bcc/compat/linux/perf_event.h
-rw-r--r-- root/root     12553 2025-01-28 19:38 usr/include/bcc/compat/linux/pkt_cls.h
-rw-r--r-- root/root     24850 2025-01-28 19:38 usr/include/bcc/compat/linux/pkt_sched.h
-rw-r--r-- root/root      1617 2025-01-28 19:38 usr/include/bcc/file_desc.h
-rw-r--r-- root/root     11938 2025-01-28 19:38 usr/include/bcc/libbpf.h
-rw-r--r-- root/root      1366 2025-01-28 19:38 usr/include/bcc/perf_reader.h
-rw-r--r-- root/root      3694 2025-01-28 19:38 usr/include/bcc/table_desc.h
-rw-r--r-- root/root      3214 2025-01-28 19:38 usr/include/bcc/table_storage.h
drwxr-xr-x root/root         0 2025-01-28 19:43 usr/lib/
drwxr-xr-x root/root         0 2025-01-28 19:43 usr/lib/python3.12/
drwxr-xr-x root/root         0 2025-01-28 19:43 usr/lib/python3.12/site-packages/
drwxr-xr-x root/root         0 2025-01-28 19:43 usr/lib/python3.12/site-packages/bcc/
drwxr-xr-x root/root         0 2025-01-28 19:43 usr/lib/python3.12/site-packages/bcc-0.32.0+8d85dcfa-py3.12.egg-info/
-rw-r--r-- root/root       293 2025-01-28 19:43 usr/lib/python3.12/site-packages/bcc-0.32.0+8d85dcfa-py3.12.egg-info/PKG-INFO
-rw-r--r-- root/root       275 2025-01-28 19:43 usr/lib/python3.12/site-packages/bcc-0.32.0+8d85dcfa-py3.12.egg-info/SOURCES.txt
-rw-r--r-- root/root         1 2025-01-28 19:43 usr/lib/python3.12/site-packages/bcc-0.32.0+8d85dcfa-py3.12.egg-info/dependency_links.txt
-rw-r--r-- root/root         4 2025-01-28 19:43 usr/lib/python3.12/site-packages/bcc-0.32.0+8d85dcfa-py3.12.egg-info/top_level.txt
-rw-r--r-- root/root     70262 2025-01-28 19:38 usr/lib/python3.12/site-packages/bcc/__init__.py
drwxr-xr-x root/root         0 2025-01-28 19:43 usr/lib/python3.12/site-packages/bcc/__pycache__/
-rw-r--r-- root/root     89183 2025-01-28 19:43 usr/lib/python3.12/site-packages/bcc/__pycache__/__init__.cpython-312.pyc
-rw-r--r-- root/root      3505 2025-01-28 19:43 usr/lib/python3.12/site-packages/bcc/__pycache__/containers.cpython-312.pyc
-rw-r--r-- root/root     19346 2025-01-28 19:43 usr/lib/python3.12/site-packages/bcc/__pycache__/disassembler.cpython-312.pyc
-rw-r--r-- root/root     27547 2025-01-28 19:43 usr/lib/python3.12/site-packages/bcc/__pycache__/libbcc.cpython-312.pyc
-rw-r--r-- root/root      9853 2025-01-28 19:43 usr/lib/python3.12/site-packages/bcc/__pycache__/perf.cpython-312.pyc
-rw-r--r-- root/root     15524 2025-01-28 19:43 usr/lib/python3.12/site-packages/bcc/__pycache__/syscall.cpython-312.pyc
-rw-r--r-- root/root     69205 2025-01-28 19:43 usr/lib/python3.12/site-packages/bcc/__pycache__/table.cpython-312.pyc
-rw-r--r-- root/root      1600 2025-01-28 19:43 usr/lib/python3.12/site-packages/bcc/__pycache__/tcp.cpython-312.pyc
-rw-r--r-- root/root     13887 2025-01-28 19:43 usr/lib/python3.12/site-packages/bcc/__pycache__/usdt.cpython-312.pyc
-rw-r--r-- root/root      6485 2025-01-28 19:43 usr/lib/python3.12/site-packages/bcc/__pycache__/utils.cpython-312.pyc
-rw-r--r-- root/root       181 2025-01-28 19:43 usr/lib/python3.12/site-packages/bcc/__pycache__/version.cpython-312.pyc
-rw-r--r-- root/root      3691 2025-01-28 19:38 usr/lib/python3.12/site-packages/bcc/containers.py
-rw-r--r-- root/root     20729 2025-01-28 19:38 usr/lib/python3.12/site-packages/bcc/disassembler.py
-rw-r--r-- root/root     15410 2025-01-28 19:38 usr/lib/python3.12/site-packages/bcc/libbcc.py
-rw-r--r-- root/root      8479 2025-01-28 19:38 usr/lib/python3.12/site-packages/bcc/perf.py
-rw-r--r-- root/root      9656 2025-01-28 19:38 usr/lib/python3.12/site-packages/bcc/syscall.py
-rw-r--r-- root/root     49722 2025-01-28 19:38 usr/lib/python3.12/site-packages/bcc/table.py
-rw-r--r-- root/root      1586 2025-01-28 19:38 usr/lib/python3.12/site-packages/bcc/tcp.py
-rw-r--r-- root/root      9251 2025-01-28 19:38 usr/lib/python3.12/site-packages/bcc/usdt.py
-rw-r--r-- root/root      4891 2025-01-28 19:38 usr/lib/python3.12/site-packages/bcc/utils.py
-rw-r--r-- root/root        32 2025-01-28 19:38 usr/lib/python3.12/site-packages/bcc/version.py
drwxr-xr-x root/root         0 2025-01-28 19:43 usr/lib64/
-rw-r--r-- root/root    234996 2025-01-28 19:40 usr/lib64/libbcc-loader-static.a
-rw-r--r-- root/root   6341094 2025-01-28 19:41 usr/lib64/libbcc.a
-rwxr-xr-x root/root 103179136 2025-01-28 19:43 usr/lib64/libbcc.so.0.32.0
-rw-r--r-- root/root   1647340 2025-01-28 19:39 usr/lib64/libbcc_bpf.a
-rwxr-xr-x root/root    906560 2025-01-28 19:43 usr/lib64/libbcc_bpf.so.0.32.0
drwxr-xr-x root/root         0 2025-01-28 19:43 usr/lib64/pkgconfig/
-rw-r--r-- root/root       300 2025-01-28 19:38 usr/lib64/pkgconfig/libbcc.pc
drwxr-xr-x root/root         0 2025-01-28 19:43 usr/share/
drwxr-xr-x root/root         0 2025-01-28 19:43 usr/share/bcc/
drwxr-xr-x root/root         0 2025-01-28 19:43 usr/share/bcc/examples/
-rwxr-xr-x root/root       459 2025-01-28 19:38 usr/share/bcc/examples/hello_world.py
drwxr-xr-x root/root         0 2025-01-28 19:43 usr/share/bcc/examples/lua/
-rw-r--r-- root/root       476 2025-01-28 19:38 usr/share/bcc/examples/lua/bashreadline.c
-rwxr-xr-x root/root      1107 2025-01-28 19:38 usr/share/bcc/examples/lua/bashreadline.lua
-rwxr-xr-x root/root      2518 2025-01-28 19:38 usr/share/bcc/examples/lua/kprobe-latency.lua
-rwxr-xr-x root/root      1125 2025-01-28 19:38 usr/share/bcc/examples/lua/kprobe-write.lua
-rwxr-xr-x root/root      6196 2025-01-28 19:38 usr/share/bcc/examples/lua/memleak.lua
-rwxr-xr-x root/root      3114 2025-01-28 19:38 usr/share/bcc/examples/lua/offcputime.lua
-rwxr-xr-x root/root      1694 2025-01-28 19:38 usr/share/bcc/examples/lua/sock-parse-dns.lua
-rwxr-xr-x root/root      2026 2025-01-28 19:38 usr/share/bcc/examples/lua/sock-parse-http.lua
-rwxr-xr-x root/root      1436 2025-01-28 19:38 usr/share/bcc/examples/lua/sock-proto.lua
-rwxr-xr-x root/root      1537 2025-01-28 19:38 usr/share/bcc/examples/lua/sock-protolen.lua
-rwxr-xr-x root/root      1305 2025-01-28 19:38 usr/share/bcc/examples/lua/strlen_count.lua
-rwxr-xr-x root/root      1412 2025-01-28 19:38 usr/share/bcc/examples/lua/task_switch.lua
-rwxr-xr-x root/root      2650 2025-01-28 19:38 usr/share/bcc/examples/lua/tracepoint-offcputime.lua
-rwxr-xr-x root/root      1927 2025-01-28 19:38 usr/share/bcc/examples/lua/uprobe-readline-perf.lua
-rwxr-xr-x root/root      1556 2025-01-28 19:38 usr/share/bcc/examples/lua/uprobe-readline.lua
-rwxr-xr-x root/root      2555 2025-01-28 19:38 usr/share/bcc/examples/lua/uprobe-tailkt.lua
-rwxr-xr-x root/root      1214 2025-01-28 19:38 usr/share/bcc/examples/lua/usdt_ruby.lua
drwxr-xr-x root/root         0 2025-01-28 19:43 usr/share/bcc/examples/networking/
drwxr-xr-x root/root         0 2025-01-28 19:43 usr/share/bcc/examples/networking/distributed_bridge/
-rwxr-xr-x root/root      2983 2025-01-28 19:38 usr/share/bcc/examples/networking/distributed_bridge/main.py
-rw-r--r-- root/root      2421 2025-01-28 19:38 usr/share/bcc/examples/networking/distributed_bridge/tunnel.c
-rwxr-xr-x root/root      2606 2025-01-28 19:38 usr/share/bcc/examples/networking/distributed_bridge/tunnel.py
-rw-r--r-- root/root      1835 2025-01-28 19:38 usr/share/bcc/examples/networking/distributed_bridge/tunnel_mesh.c
-rwxr-xr-x root/root      5297 2025-01-28 19:38 usr/share/bcc/examples/networking/distributed_bridge/tunnel_mesh.py
drwxr-xr-x root/root         0 2025-01-28 19:43 usr/share/bcc/examples/networking/http_filter/
-rw-r--r-- root/root      2103 2025-01-28 19:38 usr/share/bcc/examples/networking/http_filter/README.md
-rw-r--r-- root/root      4392 2025-01-28 19:38 usr/share/bcc/examples/networking/http_filter/http-parse-complete.c
-rwxr-xr-x root/root     11329 2025-01-28 19:38 usr/share/bcc/examples/networking/http_filter/http-parse-complete.py
-rw-r--r-- root/root      3026 2025-01-28 19:38 usr/share/bcc/examples/networking/http_filter/http-parse-simple.c
-rwxr-xr-x root/root      5260 2025-01-28 19:38 usr/share/bcc/examples/networking/http_filter/http-parse-simple.py
drwxr-xr-x root/root         0 2025-01-28 19:43 usr/share/bcc/examples/networking/neighbor_sharing/
-rw-r--r-- root/root      2707 2025-01-28 19:38 usr/share/bcc/examples/networking/neighbor_sharing/README.txt
-rw-r--r-- root/root      1641 2025-01-28 19:38 usr/share/bcc/examples/networking/neighbor_sharing/tc_neighbor_sharing.c
-rwxr-xr-x root/root      2990 2025-01-28 19:38 usr/share/bcc/examples/networking/neighbor_sharing/tc_neighbor_sharing.py
-rwxr-xr-x root/root      3367 2025-01-28 19:38 usr/share/bcc/examples/networking/net_monitor.py
-rwxr-xr-x root/root       852 2025-01-28 19:38 usr/share/bcc/examples/networking/simple_tc.py
-rw-r--r-- root/root      5257 2025-01-28 19:38 usr/share/bcc/examples/networking/simulation.py
-rwxr-xr-x root/root      3549 2025-01-28 19:38 usr/share/bcc/examples/networking/sockmap.py
-rwxr-xr-x root/root      2583 2025-01-28 19:38 usr/share/bcc/examples/networking/tc_perf_event.py
drwxr-xr-x root/root         0 2025-01-28 19:43 usr/share/bcc/examples/networking/tunnel_monitor/
-rw-r--r-- root/root      2611 2025-01-28 19:38 usr/share/bcc/examples/networking/tunnel_monitor/README.md
-rw-r--r-- root/root     99274 2025-01-28 19:38 usr/share/bcc/examples/networking/tunnel_monitor/chord.png
-rwxr-xr-x root/root      3412 2025-01-28 19:38 usr/share/bcc/examples/networking/tunnel_monitor/main.py
-rw-r--r-- root/root      3221 2025-01-28 19:38 usr/share/bcc/examples/networking/tunnel_monitor/monitor.c
-rwxr-xr-x root/root      2892 2025-01-28 19:38 usr/share/bcc/examples/networking/tunnel_monitor/monitor.py
-rwxr-xr-x root/root       716 2025-01-28 19:38 usr/share/bcc/examples/networking/tunnel_monitor/setup.sh
-rwxr-xr-x root/root      1306 2025-01-28 19:38 usr/share/bcc/examples/networking/tunnel_monitor/traffic.sh
-rw-r--r-- root/root    188797 2025-01-28 19:38 usr/share/bcc/examples/networking/tunnel_monitor/vxlan.jpg
drwxr-xr-x root/root         0 2025-01-28 19:43 usr/share/bcc/examples/networking/vlan_learning/
-rw-r--r-- root/root      2030 2025-01-28 19:38 usr/share/bcc/examples/networking/vlan_learning/README.txt
-rw-r--r-- root/root      2032 2025-01-28 19:38 usr/share/bcc/examples/networking/vlan_learning/vlan_learning.c
-rwxr-xr-x root/root      3744 2025-01-28 19:38 usr/share/bcc/examples/networking/vlan_learning/vlan_learning.py
drwxr-xr-x root/root         0 2025-01-28 19:43 usr/share/bcc/examples/networking/xdp/
-rwxr-xr-x root/root      4360 2025-01-28 19:38 usr/share/bcc/examples/networking/xdp/xdp_drop_count.py
-rwxr-xr-x root/root      4544 2025-01-28 19:38 usr/share/bcc/examples/networking/xdp/xdp_macswap_count.py
-rwxr-xr-x root/root      2025 2025-01-28 19:38 usr/share/bcc/examples/networking/xdp/xdp_redirect_cpu.py
-rwxr-xr-x root/root      2273 2025-01-28 19:38 usr/share/bcc/examples/networking/xdp/xdp_redirect_map.py
drwxr-xr-x root/root         0 2025-01-28 19:43 usr/share/bcc/examples/tracing/
-rw-r--r-- root/root       276 2025-01-28 19:38 usr/share/bcc/examples/tracing/CMakeLists.txt
-rwxr-xr-x root/root      3312 2025-01-28 19:38 usr/share/bcc/examples/tracing/biolatpcts.py
-rw-r--r-- root/root       650 2025-01-28 19:38 usr/share/bcc/examples/tracing/biolatpcts_example.txt
-rwxr-xr-x root/root      1397 2025-01-28 19:38 usr/share/bcc/examples/tracing/bitehist.py
-rw-r--r-- root/root      1208 2025-01-28 19:38 usr/share/bcc/examples/tracing/bitehist_example.txt
-rwxr-xr-x root/root      3818 2025-01-28 19:38 usr/share/bcc/examples/tracing/dddos.py
-rw-r--r-- root/root      2112 2025-01-28 19:38 usr/share/bcc/examples/tracing/dddos_example.txt
-rwxr-xr-x root/root      1947 2025-01-28 19:38 usr/share/bcc/examples/tracing/disksnoop.py
-rw-r--r-- root/root      1587 2025-01-28 19:38 usr/share/bcc/examples/tracing/disksnoop_example.txt
-rwxr-xr-x root/root       679 2025-01-28 19:38 usr/share/bcc/examples/tracing/hello_fields.py
-rwxr-xr-x root/root      1270 2025-01-28 19:38 usr/share/bcc/examples/tracing/hello_perf_output.py
-rwxr-xr-x root/root      1843 2025-01-28 19:38 usr/share/bcc/examples/tracing/hello_perf_output_using_ns.py
-rwxr-xr-x root/root      1520 2025-01-28 19:38 usr/share/bcc/examples/tracing/kvm_hypercall.py
-rw-r--r-- root/root      1782 2025-01-28 19:38 usr/share/bcc/examples/tracing/kvm_hypercall.txt
-rwxr-xr-x root/root      9425 2025-01-28 19:38 usr/share/bcc/examples/tracing/lbr.py
-rwxr-xr-x root/root      1978 2025-01-28 19:38 usr/share/bcc/examples/tracing/mallocstacks.py
-rwxr-xr-x root/root      1701 2025-01-28 19:38 usr/share/bcc/examples/tracing/mysqld_query.py
-rw-r--r-- root/root       499 2025-01-28 19:38 usr/share/bcc/examples/tracing/mysqld_query_example.txt
-rwxr-xr-x root/root      6214 2025-01-28 19:38 usr/share/bcc/examples/tracing/nflatency.py
-rwxr-xr-x root/root      1376 2025-01-28 19:38 usr/share/bcc/examples/tracing/nodejs_http_server.py
-rw-r--r-- root/root       276 2025-01-28 19:38 usr/share/bcc/examples/tracing/nodejs_http_server_example.txt
-rwxr-xr-x root/root      3106 2025-01-28 19:38 usr/share/bcc/examples/tracing/stack_buildid_example.py
-rwxr-xr-x root/root      3252 2025-01-28 19:38 usr/share/bcc/examples/tracing/stacksnoop.py
-rw-r--r-- root/root      2871 2025-01-28 19:38 usr/share/bcc/examples/tracing/stacksnoop_example.txt
-rwxr-xr-x root/root      1331 2025-01-28 19:38 usr/share/bcc/examples/tracing/strlen_count.py
-rwxr-xr-x root/root      1856 2025-01-28 19:38 usr/share/bcc/examples/tracing/strlen_hist.py
-rwxr-xr-x root/root      3800 2025-01-28 19:38 usr/share/bcc/examples/tracing/strlen_hist_ifunc.py
-rwxr-xr-x root/root      1384 2025-01-28 19:38 usr/share/bcc/examples/tracing/strlen_snoop.py
-rwxr-xr-x root/root      1390 2025-01-28 19:38 usr/share/bcc/examples/tracing/sync_timing.py
-rw-r--r-- root/root       499 2025-01-28 19:38 usr/share/bcc/examples/tracing/task_switch.c
-rwxr-xr-x root/root       489 2025-01-28 19:38 usr/share/bcc/examples/tracing/task_switch.py
-rwxr-xr-x root/root      2413 2025-01-28 19:38 usr/share/bcc/examples/tracing/tcpv4connect.py
-rw-r--r-- root/root      1063 2025-01-28 19:38 usr/share/bcc/examples/tracing/tcpv4connect_example.txt
-rwxr-xr-x root/root       589 2025-01-28 19:38 usr/share/bcc/examples/tracing/trace_fields.py
-rwxr-xr-x root/root      1600 2025-01-28 19:38 usr/share/bcc/examples/tracing/trace_perf_output.py
-rwxr-xr-x root/root      3910 2025-01-28 19:38 usr/share/bcc/examples/tracing/undump.py
-rw-r--r-- root/root       886 2025-01-28 19:38 usr/share/bcc/examples/tracing/undump_example.txt
-rwxr-xr-x root/root      1511 2025-01-28 19:38 usr/share/bcc/examples/tracing/urandomread-explicit.py
-rwxr-xr-x root/root      1032 2025-01-28 19:38 usr/share/bcc/examples/tracing/urandomread.py
-rw-r--r-- root/root       675 2025-01-28 19:38 usr/share/bcc/examples/tracing/urandomread_example.txt
-rw-r--r-- root/root       896 2025-01-28 19:38 usr/share/bcc/examples/tracing/vfsreadlat.c
-rwxr-xr-x root/root      1336 2025-01-28 19:38 usr/share/bcc/examples/tracing/vfsreadlat.py
-rw-r--r-- root/root      3619 2025-01-28 19:38 usr/share/bcc/examples/tracing/vfsreadlat_example.txt
drwxr-xr-x root/root         0 2025-01-28 19:43 usr/share/bcc/introspection/
-rwxr-xr-x root/root    437320 2025-01-28 19:43 usr/share/bcc/introspection/bps
drwxr-xr-x root/root         0 2025-01-28 19:43 usr/share/bcc/man/
drwxr-xr-x root/root         0 2025-01-28 19:43 usr/share/bcc/man/man8/
-rw-r--r-- root/root      3338 2025-01-28 19:43 usr/share/bcc/man/man8/argdist.8.gz
-rw-r--r-- root/root       937 2025-01-28 19:43 usr/share/bcc/man/man8/bashreadline.8.gz
-rw-r--r-- root/root      1019 2025-01-28 19:43 usr/share/bcc/man/man8/bindsnoop.8.gz
-rw-r--r-- root/root      1306 2025-01-28 19:43 usr/share/bcc/man/man8/biolatency.8.gz
-rw-r--r-- root/root      1492 2025-01-28 19:43 usr/share/bcc/man/man8/biolatpcts.8.gz
-rw-r--r-- root/root       955 2025-01-28 19:43 usr/share/bcc/man/man8/biopattern.8.gz
-rw-r--r-- root/root      1325 2025-01-28 19:43 usr/share/bcc/man/man8/biosnoop.8.gz
-rw-r--r-- root/root      1373 2025-01-28 19:43 usr/share/bcc/man/man8/biotop.8.gz
-rw-r--r-- root/root       825 2025-01-28 19:43 usr/share/bcc/man/man8/bitesize.8.gz
-rw-r--r-- root/root       830 2025-01-28 19:43 usr/share/bcc/man/man8/bpflist.8.gz
-rw-r--r-- root/root       836 2025-01-28 19:43 usr/share/bcc/man/man8/bps.8.gz
-rw-r--r-- root/root      1100 2025-01-28 19:43 usr/share/bcc/man/man8/btrfsdist.8.gz
-rw-r--r-- root/root      1691 2025-01-28 19:43 usr/share/bcc/man/man8/btrfsslower.8.gz
-rw-r--r-- root/root      1122 2025-01-28 19:43 usr/share/bcc/man/man8/cachestat.8.gz
-rw-r--r-- root/root      1288 2025-01-28 19:43 usr/share/bcc/man/man8/cachetop.8.gz
-rw-r--r-- root/root      1211 2025-01-28 19:43 usr/share/bcc/man/man8/capable.8.gz
-rw-r--r-- root/root      1246 2025-01-28 19:43 usr/share/bcc/man/man8/cobjnew.8.gz
-rw-r--r-- root/root      1863 2025-01-28 19:43 usr/share/bcc/man/man8/compactsnoop.8.gz
-rw-r--r-- root/root      1470 2025-01-28 19:43 usr/share/bcc/man/man8/cpudist.8.gz
-rw-r--r-- root/root      1808 2025-01-28 19:43 usr/share/bcc/man/man8/cpuunclaimed.8.gz
-rw-r--r-- root/root      1198 2025-01-28 19:43 usr/share/bcc/man/man8/criticalstat.8.gz
-rw-r--r-- root/root       855 2025-01-28 19:43 usr/share/bcc/man/man8/cthreads.8.gz
-rw-r--r-- root/root      1296 2025-01-28 19:43 usr/share/bcc/man/man8/dbslower.8.gz
-rw-r--r-- root/root      1177 2025-01-28 19:43 usr/share/bcc/man/man8/dbstat.8.gz
-rw-r--r-- root/root      1141 2025-01-28 19:43 usr/share/bcc/man/man8/dcsnoop.8.gz
-rw-r--r-- root/root       915 2025-01-28 19:43 usr/share/bcc/man/man8/dcstat.8.gz
-rw-r--r-- root/root      1980 2025-01-28 19:43 usr/share/bcc/man/man8/deadlock.8.gz
-rw-r--r-- root/root      1672 2025-01-28 19:43 usr/share/bcc/man/man8/dirtop.8.gz
-rw-r--r-- root/root      1147 2025-01-28 19:43 usr/share/bcc/man/man8/drsnoop.8.gz
-rw-r--r-- root/root      1665 2025-01-28 19:43 usr/share/bcc/man/man8/execsnoop.8.gz
-rw-r--r-- root/root      1314 2025-01-28 19:43 usr/share/bcc/man/man8/exitsnoop.8.gz
-rw-r--r-- root/root      1031 2025-01-28 19:43 usr/share/bcc/man/man8/ext4dist.8.gz
-rw-r--r-- root/root      1592 2025-01-28 19:43 usr/share/bcc/man/man8/ext4slower.8.gz
-rw-r--r-- root/root      1588 2025-01-28 19:43 usr/share/bcc/man/man8/f2fsslower.8.gz
-rw-r--r-- root/root       794 2025-01-28 19:43 usr/share/bcc/man/man8/filegone.8.gz
-rw-r--r-- root/root      1004 2025-01-28 19:43 usr/share/bcc/man/man8/filelife.8.gz
-rw-r--r-- root/root      1927 2025-01-28 19:43 usr/share/bcc/man/man8/fileslower.8.gz
-rw-r--r-- root/root      1755 2025-01-28 19:43 usr/share/bcc/man/man8/filetop.8.gz
-rw-r--r-- root/root      1380 2025-01-28 19:43 usr/share/bcc/man/man8/funccount.8.gz
-rw-r--r-- root/root      1479 2025-01-28 19:43 usr/share/bcc/man/man8/funcinterval.8.gz
-rw-r--r-- root/root      1711 2025-01-28 19:43 usr/share/bcc/man/man8/funclatency.8.gz
-rw-r--r-- root/root      1755 2025-01-28 19:43 usr/share/bcc/man/man8/funcslower.8.gz
-rw-r--r-- root/root       974 2025-01-28 19:43 usr/share/bcc/man/man8/gethostlatency.8.gz
-rw-r--r-- root/root      1285 2025-01-28 19:43 usr/share/bcc/man/man8/hardirqs.8.gz
-rw-r--r-- root/root      1323 2025-01-28 19:43 usr/share/bcc/man/man8/inject.8.gz
-rw-r--r-- root/root      1476 2025-01-28 19:43 usr/share/bcc/man/man8/javacalls.8.gz
-rw-r--r-- root/root      1433 2025-01-28 19:43 usr/share/bcc/man/man8/javaflow.8.gz
-rw-r--r-- root/root      1411 2025-01-28 19:43 usr/share/bcc/man/man8/javagc.8.gz
-rw-r--r-- root/root      1249 2025-01-28 19:43 usr/share/bcc/man/man8/javaobjnew.8.gz
-rw-r--r-- root/root      1857 2025-01-28 19:43 usr/share/bcc/man/man8/javastat.8.gz
-rw-r--r-- root/root       858 2025-01-28 19:43 usr/share/bcc/man/man8/javathreads.8.gz
-rw-r--r-- root/root      1159 2025-01-28 19:43 usr/share/bcc/man/man8/killsnoop.8.gz
-rw-r--r-- root/root      2032 2025-01-28 19:43 usr/share/bcc/man/man8/klockstat.8.gz
-rw-r--r-- root/root      2301 2025-01-28 19:43 usr/share/bcc/man/man8/ksnoop.8.gz
-rw-r--r-- root/root      1787 2025-01-28 19:43 usr/share/bcc/man/man8/kvmexit.8.gz
-rw-r--r-- root/root      1037 2025-01-28 19:43 usr/share/bcc/man/man8/llcstat.8.gz
-rw-r--r-- root/root       881 2025-01-28 19:43 usr/share/bcc/man/man8/mdflush.8.gz
-rw-r--r-- root/root      2190 2025-01-28 19:43 usr/share/bcc/man/man8/memleak.8.gz
-rw-r--r-- root/root       843 2025-01-28 19:43 usr/share/bcc/man/man8/mountsnoop.8.gz
-rw-r--r-- root/root      1034 2025-01-28 19:43 usr/share/bcc/man/man8/mysqld_qslower.8.gz
-rw-r--r-- root/root      1003 2025-01-28 19:43 usr/share/bcc/man/man8/netqtop.8.gz
-rw-r--r-- root/root      1030 2025-01-28 19:43 usr/share/bcc/man/man8/nfsdist.8.gz
-rw-r--r-- root/root      1814 2025-01-28 19:43 usr/share/bcc/man/man8/nfsslower.8.gz
-rw-r--r-- root/root      1411 2025-01-28 19:43 usr/share/bcc/man/man8/nodegc.8.gz
-rw-r--r-- root/root      1857 2025-01-28 19:43 usr/share/bcc/man/man8/nodestat.8.gz
-rw-r--r-- root/root      1821 2025-01-28 19:43 usr/share/bcc/man/man8/offcputime.8.gz
-rw-r--r-- root/root      1880 2025-01-28 19:43 usr/share/bcc/man/man8/offwaketime.8.gz
-rw-r--r-- root/root       911 2025-01-28 19:43 usr/share/bcc/man/man8/oomkill.8.gz
-rw-r--r-- root/root      1572 2025-01-28 19:43 usr/share/bcc/man/man8/opensnoop.8.gz
-rw-r--r-- root/root      1476 2025-01-28 19:43 usr/share/bcc/man/man8/perlcalls.8.gz
-rw-r--r-- root/root      1433 2025-01-28 19:43 usr/share/bcc/man/man8/perlflow.8.gz
-rw-r--r-- root/root      1857 2025-01-28 19:43 usr/share/bcc/man/man8/perlstat.8.gz
-rw-r--r-- root/root      1475 2025-01-28 19:43 usr/share/bcc/man/man8/phpcalls.8.gz
-rw-r--r-- root/root      1432 2025-01-28 19:43 usr/share/bcc/man/man8/phpflow.8.gz
-rw-r--r-- root/root      1856 2025-01-28 19:43 usr/share/bcc/man/man8/phpstat.8.gz
-rw-r--r-- root/root       764 2025-01-28 19:43 usr/share/bcc/man/man8/pidpersec.8.gz
-rw-r--r-- root/root      1289 2025-01-28 19:43 usr/share/bcc/man/man8/ppchcalls.8.gz
-rw-r--r-- root/root      2374 2025-01-28 19:43 usr/share/bcc/man/man8/profile.8.gz
-rw-r--r-- root/root      1478 2025-01-28 19:43 usr/share/bcc/man/man8/pythoncalls.8.gz
-rw-r--r-- root/root      1435 2025-01-28 19:43 usr/share/bcc/man/man8/pythonflow.8.gz
-rw-r--r-- root/root      1413 2025-01-28 19:43 usr/share/bcc/man/man8/pythongc.8.gz
-rw-r--r-- root/root      1859 2025-01-28 19:43 usr/share/bcc/man/man8/pythonstat.8.gz
-rw-r--r-- root/root       533 2025-01-28 19:43 usr/share/bcc/man/man8/rdmaucma.8.gz
-rw-r--r-- root/root      1264 2025-01-28 19:43 usr/share/bcc/man/man8/readahead.8.gz
-rw-r--r-- root/root       956 2025-01-28 19:43 usr/share/bcc/man/man8/reset-trace.8.gz
-rw-r--r-- root/root      1476 2025-01-28 19:43 usr/share/bcc/man/man8/rubycalls.8.gz
-rw-r--r-- root/root      1433 2025-01-28 19:43 usr/share/bcc/man/man8/rubyflow.8.gz
-rw-r--r-- root/root      1411 2025-01-28 19:43 usr/share/bcc/man/man8/rubygc.8.gz
-rw-r--r-- root/root      1249 2025-01-28 19:43 usr/share/bcc/man/man8/rubyobjnew.8.gz
-rw-r--r-- root/root      1857 2025-01-28 19:43 usr/share/bcc/man/man8/rubystat.8.gz
-rw-r--r-- root/root      1519 2025-01-28 19:43 usr/share/bcc/man/man8/runqlat.8.gz
-rw-r--r-- root/root      1015 2025-01-28 19:43 usr/share/bcc/man/man8/runqlen.8.gz
-rw-r--r-- root/root      1404 2025-01-28 19:43 usr/share/bcc/man/man8/runqslower.8.gz
-rw-r--r-- root/root       790 2025-01-28 19:43 usr/share/bcc/man/man8/shmsnoop.8.gz
-rw-r--r-- root/root      1009 2025-01-28 19:43 usr/share/bcc/man/man8/slabratetop.8.gz
-rw-r--r-- root/root       645 2025-01-28 19:43 usr/share/bcc/man/man8/sofdsnoop.8.gz
-rw-r--r-- root/root      1314 2025-01-28 19:43 usr/share/bcc/man/man8/softirqs.8.gz
-rw-r--r-- root/root       627 2025-01-28 19:43 usr/share/bcc/man/man8/solisten.8.gz
-rw-r--r-- root/root       898 2025-01-28 19:43 usr/share/bcc/man/man8/spfdsnoop.8.gz
-rw-r--r-- root/root      1357 2025-01-28 19:43 usr/share/bcc/man/man8/sslsniff.8.gz
-rw-r--r-- root/root      1853 2025-01-28 19:43 usr/share/bcc/man/man8/stackcount.8.gz
-rw-r--r-- root/root      1169 2025-01-28 19:43 usr/share/bcc/man/man8/statsnoop.8.gz
-rw-r--r-- root/root       969 2025-01-28 19:43 usr/share/bcc/man/man8/swapin.8.gz
-rw-r--r-- root/root       888 2025-01-28 19:43 usr/share/bcc/man/man8/syncsnoop.8.gz
-rw-r--r-- root/root      1431 2025-01-28 19:43 usr/share/bcc/man/man8/syscount.8.gz
-rw-r--r-- root/root      1475 2025-01-28 19:43 usr/share/bcc/man/man8/tclcalls.8.gz
-rw-r--r-- root/root      1432 2025-01-28 19:43 usr/share/bcc/man/man8/tclflow.8.gz
-rw-r--r-- root/root      1248 2025-01-28 19:43 usr/share/bcc/man/man8/tclobjnew.8.gz
-rw-r--r-- root/root      1856 2025-01-28 19:43 usr/share/bcc/man/man8/tclstat.8.gz
-rw-r--r-- root/root      1403 2025-01-28 19:43 usr/share/bcc/man/man8/tcpaccept.8.gz
-rw-r--r-- root/root      1330 2025-01-28 19:43 usr/share/bcc/man/man8/tcpcong.8.gz
-rw-r--r-- root/root      2324 2025-01-28 19:43 usr/share/bcc/man/man8/tcpconnect.8.gz
-rw-r--r-- root/root      1513 2025-01-28 19:43 usr/share/bcc/man/man8/tcpconnlat.8.gz
-rw-r--r-- root/root      1076 2025-01-28 19:43 usr/share/bcc/man/man8/tcpdrop.8.gz
-rw-r--r-- root/root      1519 2025-01-28 19:43 usr/share/bcc/man/man8/tcplife.8.gz
-rw-r--r-- root/root      1257 2025-01-28 19:43 usr/share/bcc/man/man8/tcpretrans.8.gz
-rw-r--r-- root/root      1136 2025-01-28 19:43 usr/share/bcc/man/man8/tcprtt.8.gz
-rw-r--r-- root/root      1596 2025-01-28 19:43 usr/share/bcc/man/man8/tcpstates.8.gz
-rw-r--r-- root/root      1390 2025-01-28 19:43 usr/share/bcc/man/man8/tcpsubnet.8.gz
-rw-r--r-- root/root      1089 2025-01-28 19:43 usr/share/bcc/man/man8/tcpsynbl.8.gz
-rw-r--r-- root/root      1635 2025-01-28 19:43 usr/share/bcc/man/man8/tcptop.8.gz
-rw-r--r-- root/root      1320 2025-01-28 19:43 usr/share/bcc/man/man8/tcptracer.8.gz
-rw-r--r-- root/root       921 2025-01-28 19:43 usr/share/bcc/man/man8/threadsnoop.8.gz
-rw-r--r-- root/root       875 2025-01-28 19:43 usr/share/bcc/man/man8/tplist.8.gz
-rw-r--r-- root/root      3468 2025-01-28 19:43 usr/share/bcc/man/man8/trace.8.gz
-rw-r--r-- root/root       895 2025-01-28 19:43 usr/share/bcc/man/man8/ttysnoop.8.gz
-rw-r--r-- root/root      1473 2025-01-28 19:43 usr/share/bcc/man/man8/ucalls.8.gz
-rw-r--r-- root/root      1430 2025-01-28 19:43 usr/share/bcc/man/man8/uflow.8.gz
-rw-r--r-- root/root      1408 2025-01-28 19:43 usr/share/bcc/man/man8/ugc.8.gz
-rw-r--r-- root/root      1246 2025-01-28 19:43 usr/share/bcc/man/man8/uobjnew.8.gz
-rw-r--r-- root/root      1854 2025-01-28 19:43 usr/share/bcc/man/man8/ustat.8.gz
-rw-r--r-- root/root       855 2025-01-28 19:43 usr/share/bcc/man/man8/uthreads.8.gz
-rw-r--r-- root/root       997 2025-01-28 19:43 usr/share/bcc/man/man8/vfscount.8.gz
-rw-r--r-- root/root       971 2025-01-28 19:43 usr/share/bcc/man/man8/vfsstat.8.gz
-rw-r--r-- root/root       979 2025-01-28 19:43 usr/share/bcc/man/man8/virtiostat.8.gz
-rw-r--r-- root/root      1698 2025-01-28 19:43 usr/share/bcc/man/man8/wakeuptime.8.gz
-rw-r--r-- root/root      1153 2025-01-28 19:43 usr/share/bcc/man/man8/wqlat.8.gz
-rw-r--r-- root/root      1030 2025-01-28 19:43 usr/share/bcc/man/man8/xfsdist.8.gz
-rw-r--r-- root/root      1593 2025-01-28 19:43 usr/share/bcc/man/man8/xfsslower.8.gz
-rw-r--r-- root/root      1078 2025-01-28 19:43 usr/share/bcc/man/man8/zfsdist.8.gz
-rw-r--r-- root/root      1644 2025-01-28 19:43 usr/share/bcc/man/man8/zfsslower.8.gz
drwxr-xr-x root/root         0 2025-01-28 19:43 usr/share/bcc/tools/
-rwxr-xr-x root/root     36898 2025-01-28 19:38 usr/share/bcc/tools/argdist
-rwxr-xr-x root/root      2769 2025-01-28 19:38 usr/share/bcc/tools/bashreadline
-rwxr-xr-x root/root     16348 2025-01-28 19:38 usr/share/bcc/tools/bindsnoop
-rwxr-xr-x root/root     11767 2025-01-28 19:38 usr/share/bcc/tools/biolatency
-rwxr-xr-x root/root     10250 2025-01-28 19:38 usr/share/bcc/tools/biolatpcts
-rwxr-xr-x root/root      3959 2025-01-28 19:38 usr/share/bcc/tools/biopattern
-rwxr-xr-x root/root     11084 2025-01-28 19:38 usr/share/bcc/tools/biosnoop
-rwxr-xr-x root/root      9890 2025-01-28 19:38 usr/share/bcc/tools/biotop
-rwxr-xr-x root/root      1168 2025-01-28 19:38 usr/share/bcc/tools/bitesize
-rwxr-xr-x root/root      2603 2025-01-28 19:38 usr/share/bcc/tools/bpflist
-rwxr-xr-x root/root      6629 2025-01-28 19:38 usr/share/bcc/tools/btrfsdist
-rwxr-xr-x root/root      9987 2025-01-28 19:38 usr/share/bcc/tools/btrfsslower
-rwxr-xr-x root/root      6886 2025-01-28 19:38 usr/share/bcc/tools/cachestat
-rwxr-xr-x root/root      9748 2025-01-28 19:38 usr/share/bcc/tools/cachetop
-rwxr-xr-x root/root      8479 2025-01-28 19:38 usr/share/bcc/tools/capable
-rwxr-xr-x root/root        57 2025-01-28 19:43 usr/share/bcc/tools/cobjnew
-rwxr-xr-x root/root     11347 2025-01-28 19:38 usr/share/bcc/tools/compactsnoop
-rwxr-xr-x root/root      8403 2025-01-28 19:38 usr/share/bcc/tools/cpudist
-rwxr-xr-x root/root     14940 2025-01-28 19:38 usr/share/bcc/tools/cpuunclaimed
-rwxr-xr-x root/root      8609 2025-01-28 19:38 usr/share/bcc/tools/criticalstat
-rwxr-xr-x root/root      7393 2025-01-28 19:38 usr/share/bcc/tools/dbslower
-rwxr-xr-x root/root      3792 2025-01-28 19:38 usr/share/bcc/tools/dbstat
-rwxr-xr-x root/root      4128 2025-01-28 19:38 usr/share/bcc/tools/dcsnoop
-rwxr-xr-x root/root      3861 2025-01-28 19:38 usr/share/bcc/tools/dcstat
-rwxr-xr-x root/root     20922 2025-01-28 19:38 usr/share/bcc/tools/deadlock
-rw-r--r-- root/root      7066 2025-01-28 19:38 usr/share/bcc/tools/deadlock.c
-rwxr-xr-x root/root      8570 2025-01-28 19:38 usr/share/bcc/tools/dirtop
drwxr-xr-x root/root         0 2025-01-28 19:43 usr/share/bcc/tools/doc/
-rw-r--r-- root/root     23027 2025-01-28 19:38 usr/share/bcc/tools/doc/argdist_example.txt
-rw-r--r-- root/root       882 2025-01-28 19:38 usr/share/bcc/tools/doc/bashreadline_example.txt
-rw-r--r-- root/root      4530 2025-01-28 19:38 usr/share/bcc/tools/doc/bindsnoop_example.txt
-rw-r--r-- root/root     24023 2025-01-28 19:38 usr/share/bcc/tools/doc/biolatency_example.txt
-rw-r--r-- root/root      3040 2025-01-28 19:38 usr/share/bcc/tools/doc/biolatpcts_example.txt
-rw-r--r-- root/root      1406 2025-01-28 19:38 usr/share/bcc/tools/doc/biopattern_example.txt
-rw-r--r-- root/root      3549 2025-01-28 19:38 usr/share/bcc/tools/doc/biosnoop_example.txt
-rw-r--r-- root/root      9326 2025-01-28 19:38 usr/share/bcc/tools/doc/biotop_example.txt
-rw-r--r-- root/root      5100 2025-01-28 19:38 usr/share/bcc/tools/doc/bitesize_example.txt
-rw-r--r-- root/root      2179 2025-01-28 19:38 usr/share/bcc/tools/doc/bpflist_example.txt
-rw-r--r-- root/root      9545 2025-01-28 19:38 usr/share/bcc/tools/doc/btrfsdist_example.txt
-rw-r--r-- root/root      6812 2025-01-28 19:38 usr/share/bcc/tools/doc/btrfsslower_example.txt
-rw-r--r-- root/root      4012 2025-01-28 19:38 usr/share/bcc/tools/doc/cachestat_example.txt
-rw-r--r-- root/root      3918 2025-01-28 19:38 usr/share/bcc/tools/doc/cachetop_example.txt
-rw-r--r-- root/root      6655 2025-01-28 19:38 usr/share/bcc/tools/doc/capable_example.txt
-rw-r--r-- root/root     10160 2025-01-28 19:38 usr/share/bcc/tools/doc/compactsnoop_example.txt
-rw-r--r-- root/root     16876 2025-01-28 19:38 usr/share/bcc/tools/doc/cpudist_example.txt
-rw-r--r-- root/root     15568 2025-01-28 19:38 usr/share/bcc/tools/doc/cpuunclaimed_example.txt
-rw-r--r-- root/root      4926 2025-01-28 19:38 usr/share/bcc/tools/doc/criticalstat_example.txt
-rw-r--r-- root/root      3981 2025-01-28 19:38 usr/share/bcc/tools/doc/dbslower_example.txt
-rw-r--r-- root/root      6656 2025-01-28 19:38 usr/share/bcc/tools/doc/dbstat_example.txt
-rw-r--r-- root/root      4371 2025-01-28 19:38 usr/share/bcc/tools/doc/dcsnoop_example.txt
-rw-r--r-- root/root      3343 2025-01-28 19:38 usr/share/bcc/tools/doc/dcstat_example.txt
-rw-r--r-- root/root     16643 2025-01-28 19:38 usr/share/bcc/tools/doc/deadlock_example.txt
-rw-r--r-- root/root      5097 2025-01-28 19:38 usr/share/bcc/tools/doc/dirtop_example.txt
-rw-r--r-- root/root      5120 2025-01-28 19:38 usr/share/bcc/tools/doc/drsnoop_example.txt
-rw-r--r-- root/root      6787 2025-01-28 19:38 usr/share/bcc/tools/doc/execsnoop_example.txt
-rw-r--r-- root/root      6373 2025-01-28 19:38 usr/share/bcc/tools/doc/exitsnoop_example.txt
-rw-r--r-- root/root      8991 2025-01-28 19:38 usr/share/bcc/tools/doc/ext4dist_example.txt
-rw-r--r-- root/root     11335 2025-01-28 19:38 usr/share/bcc/tools/doc/ext4slower_example.txt
-rw-r--r-- root/root     17574 2025-01-28 19:38 usr/share/bcc/tools/doc/f2fsslower_example.txt
-rw-r--r-- root/root       743 2025-01-28 19:38 usr/share/bcc/tools/doc/filegone_example.txt
-rw-r--r-- root/root      2092 2025-01-28 19:38 usr/share/bcc/tools/doc/filelife_example.txt
-rw-r--r-- root/root      5711 2025-01-28 19:38 usr/share/bcc/tools/doc/fileslower_example.txt
-rw-r--r-- root/root      7860 2025-01-28 19:38 usr/share/bcc/tools/doc/filetop_example.txt
-rw-r--r-- root/root     13605 2025-01-28 19:38 usr/share/bcc/tools/doc/funccount_example.txt
-rw-r--r-- root/root     15646 2025-01-28 19:38 usr/share/bcc/tools/doc/funcinterval_example.txt
-rw-r--r-- root/root     21485 2025-01-28 19:38 usr/share/bcc/tools/doc/funclatency_example.txt
-rw-r--r-- root/root      6786 2025-01-28 19:38 usr/share/bcc/tools/doc/funcslower_example.txt
-rw-r--r-- root/root      1317 2025-01-28 19:38 usr/share/bcc/tools/doc/gethostlatency_example.txt
-rw-r--r-- root/root     37936 2025-01-28 19:38 usr/share/bcc/tools/doc/hardirqs_example.txt
-rw-r--r-- root/root      6832 2025-01-28 19:38 usr/share/bcc/tools/doc/inject_example.txt
-rw-r--r-- root/root      1398 2025-01-28 19:38 usr/share/bcc/tools/doc/killsnoop_example.txt
-rw-r--r-- root/root      8536 2025-01-28 19:38 usr/share/bcc/tools/doc/klockstat_example.txt
-rw-r--r-- root/root     11909 2025-01-28 19:38 usr/share/bcc/tools/doc/kvmexit_example.txt
drwxr-xr-x root/root         0 2025-01-28 19:43 usr/share/bcc/tools/doc/lib/
-rw-r--r-- root/root      4000 2025-01-28 19:38 usr/share/bcc/tools/doc/lib/ucalls_example.txt
-rw-r--r-- root/root      6017 2025-01-28 19:38 usr/share/bcc/tools/doc/lib/uflow_example.txt
-rw-r--r-- root/root      3867 2025-01-28 19:38 usr/share/bcc/tools/doc/lib/ugc_example.txt
-rw-r--r-- root/root      3044 2025-01-28 19:38 usr/share/bcc/tools/doc/lib/uobjnew_example.txt
-rw-r--r-- root/root      3052 2025-01-28 19:38 usr/share/bcc/tools/doc/lib/ustat_example.txt
-rw-r--r-- root/root      2132 2025-01-28 19:38 usr/share/bcc/tools/doc/lib/uthreads_example.txt
-rw-r--r-- root/root      3315 2025-01-28 19:38 usr/share/bcc/tools/doc/llcstat_example.txt
-rw-r--r-- root/root      1780 2025-01-28 19:38 usr/share/bcc/tools/doc/mdflush_example.txt
-rw-r--r-- root/root     10263 2025-01-28 19:38 usr/share/bcc/tools/doc/memleak_example.txt
-rw-r--r-- root/root      2673 2025-01-28 19:38 usr/share/bcc/tools/doc/mountsnoop_example.txt
-rw-r--r-- root/root      2351 2025-01-28 19:38 usr/share/bcc/tools/doc/mysqld_qslower_example.txt
-rw-r--r-- root/root     12497 2025-01-28 19:38 usr/share/bcc/tools/doc/netqtop_example.txt
-rw-r--r-- root/root      8508 2025-01-28 19:38 usr/share/bcc/tools/doc/nfsdist_example.txt
-rw-r--r-- root/root      7867 2025-01-28 19:38 usr/share/bcc/tools/doc/nfsslower_example.txt
-rw-r--r-- root/root     19662 2025-01-28 19:38 usr/share/bcc/tools/doc/offcputime_example.txt
-rw-r--r-- root/root     38258 2025-01-28 19:38 usr/share/bcc/tools/doc/offwaketime_example.txt
-rw-r--r-- root/root      1925 2025-01-28 19:38 usr/share/bcc/tools/doc/oomkill_example.txt
-rw-r--r-- root/root     10573 2025-01-28 19:38 usr/share/bcc/tools/doc/opensnoop_example.txt
-rw-r--r-- root/root       677 2025-01-28 19:38 usr/share/bcc/tools/doc/pidpersec_example.txt
-rw-r--r-- root/root      7097 2025-01-28 19:38 usr/share/bcc/tools/doc/ppchcalls_example.txt
-rw-r--r-- root/root     31908 2025-01-28 19:38 usr/share/bcc/tools/doc/profile_example.txt
-rw-r--r-- root/root      1983 2025-01-28 19:38 usr/share/bcc/tools/doc/rdmaucma_example.txt
-rw-r--r-- root/root      3248 2025-01-28 19:38 usr/share/bcc/tools/doc/readahead_example.txt
-rw-r--r-- root/root      9365 2025-01-28 19:38 usr/share/bcc/tools/doc/reset-trace_example.txt
-rw-r--r-- root/root     32051 2025-01-28 19:38 usr/share/bcc/tools/doc/runqlat_example.txt
-rw-r--r-- root/root     12136 2025-01-28 19:38 usr/share/bcc/tools/doc/runqlen_example.txt
-rw-r--r-- root/root      2184 2025-01-28 19:38 usr/share/bcc/tools/doc/runqslower_example.txt
-rw-r--r-- root/root      2831 2025-01-28 19:38 usr/share/bcc/tools/doc/shmsnoop_example.txt
-rw-r--r-- root/root      5347 2025-01-28 19:38 usr/share/bcc/tools/doc/slabratetop_example.txt
-rw-r--r-- root/root      3211 2025-01-28 19:38 usr/share/bcc/tools/doc/sofdsnoop_example.txt
-rw-r--r-- root/root     11286 2025-01-28 19:38 usr/share/bcc/tools/doc/softirqs_example.txt
-rw-r--r-- root/root      2355 2025-01-28 19:38 usr/share/bcc/tools/doc/solisten_example.txt
-rw-r--r-- root/root      6902 2025-01-28 19:38 usr/share/bcc/tools/doc/sslsniff_example.txt
-rw-r--r-- root/root     21965 2025-01-28 19:38 usr/share/bcc/tools/doc/stackcount_example.txt
-rw-r--r-- root/root      3091 2025-01-28 19:38 usr/share/bcc/tools/doc/statsnoop_example.txt
-rw-r--r-- root/root      1421 2025-01-28 19:38 usr/share/bcc/tools/doc/swapin_example.txt
-rw-r--r-- root/root      2476 2025-01-28 19:38 usr/share/bcc/tools/doc/syncsnoop_example.txt
-rw-r--r-- root/root      6419 2025-01-28 19:38 usr/share/bcc/tools/doc/syscount_example.txt
-rw-r--r-- root/root      2822 2025-01-28 19:38 usr/share/bcc/tools/doc/tcpaccept_example.txt
-rw-r--r-- root/root     34106 2025-01-28 19:38 usr/share/bcc/tools/doc/tcpcong_example.txt
-rw-r--r-- root/root      6420 2025-01-28 19:38 usr/share/bcc/tools/doc/tcpconnect_example.txt
-rw-r--r-- root/root      2616 2025-01-28 19:38 usr/share/bcc/tools/doc/tcpconnlat_example.txt
-rw-r--r-- root/root      2001 2025-01-28 19:38 usr/share/bcc/tools/doc/tcpdrop_example.txt
-rw-r--r-- root/root      6995 2025-01-28 19:38 usr/share/bcc/tools/doc/tcplife_example.txt
-rw-r--r-- root/root      3938 2025-01-28 19:38 usr/share/bcc/tools/doc/tcpretrans_example.txt
-rw-r--r-- root/root     10070 2025-01-28 19:38 usr/share/bcc/tools/doc/tcprtt_example.txt
-rw-r--r-- root/root      2908 2025-01-28 19:38 usr/share/bcc/tools/doc/tcpstates_example.txt
-rw-r--r-- root/root      5503 2025-01-28 19:38 usr/share/bcc/tools/doc/tcpsubnet_example.txt
-rw-r--r-- root/root      1179 2025-01-28 19:38 usr/share/bcc/tools/doc/tcpsynbl_example.txt
-rw-r--r-- root/root      5890 2025-01-28 19:38 usr/share/bcc/tools/doc/tcptop_example.txt
-rw-r--r-- root/root      2029 2025-01-28 19:38 usr/share/bcc/tools/doc/tcptracer_example.txt
-rw-r--r-- root/root      1306 2025-01-28 19:38 usr/share/bcc/tools/doc/threadsnoop_example.txt
-rw-r--r-- root/root      4507 2025-01-28 19:38 usr/share/bcc/tools/doc/tplist_example.txt
-rw-r--r-- root/root     22136 2025-01-28 19:38 usr/share/bcc/tools/doc/trace_example.txt
-rw-r--r-- root/root      3315 2025-01-28 19:38 usr/share/bcc/tools/doc/ttysnoop_example.txt
-rw-r--r-- root/root      2221 2025-01-28 19:38 usr/share/bcc/tools/doc/vfscount_example.txt
-rw-r--r-- root/root      2709 2025-01-28 19:38 usr/share/bcc/tools/doc/vfsstat_example.txt
-rw-r--r-- root/root      2678 2025-01-28 19:38 usr/share/bcc/tools/doc/virtiostat_example.txt
-rw-r--r-- root/root     34048 2025-01-28 19:38 usr/share/bcc/tools/doc/wakeuptime_example.txt
-rw-r--r-- root/root      5096 2025-01-28 19:38 usr/share/bcc/tools/doc/wqlat_example.txt
-rw-r--r-- root/root      6928 2025-01-28 19:38 usr/share/bcc/tools/doc/xfsdist_example.txt
-rw-r--r-- root/root      7080 2025-01-28 19:38 usr/share/bcc/tools/doc/xfsslower_example.txt
-rw-r--r-- root/root      9753 2025-01-28 19:38 usr/share/bcc/tools/doc/zfsdist_example.txt
-rw-r--r-- root/root      7551 2025-01-28 19:38 usr/share/bcc/tools/doc/zfsslower_example.txt
-rwxr-xr-x root/root      6891 2025-01-28 19:38 usr/share/bcc/tools/drsnoop
-rwxr-xr-x root/root     11625 2025-01-28 19:38 usr/share/bcc/tools/execsnoop
-rwxr-xr-x root/root      9650 2025-01-28 19:38 usr/share/bcc/tools/exitsnoop
-rwxr-xr-x root/root      6685 2025-01-28 19:38 usr/share/bcc/tools/ext4dist
-rwxr-xr-x root/root      9950 2025-01-28 19:38 usr/share/bcc/tools/ext4slower
-rwxr-xr-x root/root     10769 2025-01-28 19:38 usr/share/bcc/tools/f2fsslower
-rwxr-xr-x root/root      5774 2025-01-28 19:38 usr/share/bcc/tools/filegone
-rwxr-xr-x root/root      6530 2025-01-28 19:38 usr/share/bcc/tools/filelife
-rwxr-xr-x root/root      7374 2025-01-28 19:38 usr/share/bcc/tools/fileslower
-rwxr-xr-x root/root      7223 2025-01-28 19:38 usr/share/bcc/tools/filetop
-rwxr-xr-x root/root     12983 2025-01-28 19:38 usr/share/bcc/tools/funccount
-rwxr-xr-x root/root      5592 2025-01-28 19:38 usr/share/bcc/tools/funcinterval
-rwxr-xr-x root/root     11551 2025-01-28 19:38 usr/share/bcc/tools/funclatency
-rwxr-xr-x root/root     10632 2025-01-28 19:38 usr/share/bcc/tools/funcslower
-rwxr-xr-x root/root      3916 2025-01-28 19:38 usr/share/bcc/tools/gethostlatency
-rwxr-xr-x root/root      7022 2025-01-28 19:38 usr/share/bcc/tools/hardirqs
-rwxr-xr-x root/root     16443 2025-01-28 19:38 usr/share/bcc/tools/inject
-rwxr-xr-x root/root        59 2025-01-28 19:43 usr/share/bcc/tools/javacalls
-rwxr-xr-x root/root        58 2025-01-28 19:43 usr/share/bcc/tools/javaflow
-rwxr-xr-x root/root        56 2025-01-28 19:43 usr/share/bcc/tools/javagc
-rwxr-xr-x root/root        60 2025-01-28 19:43 usr/share/bcc/tools/javaobjnew
-rwxr-xr-x root/root        58 2025-01-28 19:43 usr/share/bcc/tools/javastat
-rwxr-xr-x root/root        61 2025-01-28 19:43 usr/share/bcc/tools/javathreads
-rwxr-xr-x root/root      4725 2025-01-28 19:38 usr/share/bcc/tools/killsnoop
-rwxr-xr-x root/root     13358 2025-01-28 19:38 usr/share/bcc/tools/klockstat
-rwxr-xr-x root/root     11548 2025-01-28 19:38 usr/share/bcc/tools/kvmexit
drwxr-xr-x root/root         0 2025-01-28 19:43 usr/share/bcc/tools/lib/
-rwxr-xr-x root/root     11968 2025-01-28 19:38 usr/share/bcc/tools/lib/ucalls
-rwxr-xr-x root/root      8113 2025-01-28 19:38 usr/share/bcc/tools/lib/uflow
-rwxr-xr-x root/root      7821 2025-01-28 19:38 usr/share/bcc/tools/lib/ugc
-rwxr-xr-x root/root      6179 2025-01-28 19:38 usr/share/bcc/tools/lib/uobjnew
-rwxr-xr-x root/root     12410 2025-01-28 19:38 usr/share/bcc/tools/lib/ustat
-rwxr-xr-x root/root      4098 2025-01-28 19:38 usr/share/bcc/tools/lib/uthreads
-rwxr-xr-x root/root      4586 2025-01-28 19:38 usr/share/bcc/tools/llcstat
-rwxr-xr-x root/root      2297 2025-01-28 19:38 usr/share/bcc/tools/mdflush
-rwxr-xr-x root/root     22100 2025-01-28 19:38 usr/share/bcc/tools/memleak
-rwxr-xr-x root/root     30459 2025-01-28 19:38 usr/share/bcc/tools/mountsnoop
-rwxr-xr-x root/root      3127 2025-01-28 19:38 usr/share/bcc/tools/mysqld_qslower
-rwxr-xr-x root/root      5704 2025-01-28 19:38 usr/share/bcc/tools/netqtop
-rw-r--r-- root/root      3327 2025-01-28 19:38 usr/share/bcc/tools/netqtop.c
-rwxr-xr-x root/root      5070 2025-01-28 19:38 usr/share/bcc/tools/nfsdist
-rwxr-xr-x root/root     13941 2025-01-28 19:38 usr/share/bcc/tools/nfsslower
-rwxr-xr-x root/root        56 2025-01-28 19:43 usr/share/bcc/tools/nodegc
-rwxr-xr-x root/root        58 2025-01-28 19:43 usr/share/bcc/tools/nodestat
-rwxr-xr-x root/root     14300 2025-01-28 19:38 usr/share/bcc/tools/offcputime
-rwxr-xr-x root/root     15678 2025-01-28 19:38 usr/share/bcc/tools/offwaketime
drwxr-xr-x root/root         0 2025-01-28 19:43 usr/share/bcc/tools/old/
-rwxr-xr-x root/root      1093 2025-01-28 19:38 usr/share/bcc/tools/old/bashreadline
-rwxr-xr-x root/root      3410 2025-01-28 19:38 usr/share/bcc/tools/old/biosnoop
-rwxr-xr-x root/root     10517 2025-01-28 19:38 usr/share/bcc/tools/old/compactsnoop
-rwxr-xr-x root/root      4102 2025-01-28 19:38 usr/share/bcc/tools/old/filegone
-rwxr-xr-x root/root      2676 2025-01-28 19:38 usr/share/bcc/tools/old/filelife
-rwxr-xr-x root/root      2278 2025-01-28 19:38 usr/share/bcc/tools/old/gethostlatency
-rwxr-xr-x root/root      5216 2025-01-28 19:38 usr/share/bcc/tools/old/hardirqs
-rwxr-xr-x root/root      2708 2025-01-28 19:38 usr/share/bcc/tools/old/killsnoop
-rwxr-xr-x root/root     10195 2025-01-28 19:38 usr/share/bcc/tools/old/memleak
-rwxr-xr-x root/root      6463 2025-01-28 19:38 usr/share/bcc/tools/old/offcputime
-rwxr-xr-x root/root      8880 2025-01-28 19:38 usr/share/bcc/tools/old/offwaketime
-rwxr-xr-x root/root      2376 2025-01-28 19:38 usr/share/bcc/tools/old/oomkill
-rwxr-xr-x root/root      2737 2025-01-28 19:38 usr/share/bcc/tools/old/opensnoop
-rwxr-xr-x root/root     12367 2025-01-28 19:38 usr/share/bcc/tools/old/profile
-rwxr-xr-x root/root      5934 2025-01-28 19:38 usr/share/bcc/tools/old/softirqs
-rwxr-xr-x root/root      5547 2025-01-28 19:38 usr/share/bcc/tools/old/stackcount
-rwxr-xr-x root/root      3929 2025-01-28 19:38 usr/share/bcc/tools/old/stacksnoop
-rwxr-xr-x root/root      3084 2025-01-28 19:38 usr/share/bcc/tools/old/statsnoop
-rwxr-xr-x root/root       774 2025-01-28 19:38 usr/share/bcc/tools/old/syncsnoop
-rwxr-xr-x root/root      3974 2025-01-28 19:38 usr/share/bcc/tools/old/tcpaccept
-rwxr-xr-x root/root      4317 2025-01-28 19:38 usr/share/bcc/tools/old/tcpconnect
-rwxr-xr-x root/root      6944 2025-01-28 19:38 usr/share/bcc/tools/old/wakeuptime
-rwxr-xr-x root/root      2086 2025-01-28 19:38 usr/share/bcc/tools/oomkill
-rwxr-xr-x root/root     14583 2025-01-28 19:38 usr/share/bcc/tools/opensnoop
-rwxr-xr-x root/root        59 2025-01-28 19:43 usr/share/bcc/tools/perlcalls
-rwxr-xr-x root/root        58 2025-01-28 19:43 usr/share/bcc/tools/perlflow
-rwxr-xr-x root/root        58 2025-01-28 19:43 usr/share/bcc/tools/perlstat
-rwxr-xr-x root/root        58 2025-01-28 19:43 usr/share/bcc/tools/phpcalls
-rwxr-xr-x root/root        57 2025-01-28 19:43 usr/share/bcc/tools/phpflow
-rwxr-xr-x root/root        57 2025-01-28 19:43 usr/share/bcc/tools/phpstat
-rwxr-xr-x root/root      1113 2025-01-28 19:38 usr/share/bcc/tools/pidpersec
-rwxr-xr-x root/root     14222 2025-01-28 19:38 usr/share/bcc/tools/ppchcalls
-rwxr-xr-x root/root     14954 2025-01-28 19:38 usr/share/bcc/tools/profile
-rwxr-xr-x root/root        61 2025-01-28 19:43 usr/share/bcc/tools/pythoncalls
-rwxr-xr-x root/root        60 2025-01-28 19:43 usr/share/bcc/tools/pythonflow
-rwxr-xr-x root/root        58 2025-01-28 19:43 usr/share/bcc/tools/pythongc
-rwxr-xr-x root/root        60 2025-01-28 19:43 usr/share/bcc/tools/pythonstat
-rwxr-xr-x root/root      5071 2025-01-28 19:38 usr/share/bcc/tools/rdmaucma
-rwxr-xr-x root/root      7686 2025-01-28 19:38 usr/share/bcc/tools/readahead
-rwxr-xr-x root/root      3498 2025-01-28 19:38 usr/share/bcc/tools/reset-trace
-rwxr-xr-x root/root        59 2025-01-28 19:43 usr/share/bcc/tools/rubycalls
-rwxr-xr-x root/root        58 2025-01-28 19:43 usr/share/bcc/tools/rubyflow
-rwxr-xr-x root/root        56 2025-01-28 19:43 usr/share/bcc/tools/rubygc
-rwxr-xr-x root/root        60 2025-01-28 19:43 usr/share/bcc/tools/rubyobjnew
-rwxr-xr-x root/root        58 2025-01-28 19:43 usr/share/bcc/tools/rubystat
-rwxr-xr-x root/root      9528 2025-01-28 19:38 usr/share/bcc/tools/runqlat
-rwxr-xr-x root/root      8250 2025-01-28 19:38 usr/share/bcc/tools/runqlen
-rwxr-xr-x root/root      9227 2025-01-28 19:38 usr/share/bcc/tools/runqslower
-rwxr-xr-x root/root      8499 2025-01-28 19:38 usr/share/bcc/tools/shmsnoop
-rwxr-xr-x root/root      6826 2025-01-28 19:38 usr/share/bcc/tools/slabratetop
-rwxr-xr-x root/root      8257 2025-01-28 19:38 usr/share/bcc/tools/sofdsnoop
-rwxr-xr-x root/root      5726 2025-01-28 19:38 usr/share/bcc/tools/softirqs
-rwxr-xr-x root/root      6105 2025-01-28 19:38 usr/share/bcc/tools/solisten
-rwxr-xr-x root/root     14013 2025-01-28 19:38 usr/share/bcc/tools/sslsniff
-rwxr-xr-x root/root     16657 2025-01-28 19:38 usr/share/bcc/tools/stackcount
-rwxr-xr-x root/root      5043 2025-01-28 19:38 usr/share/bcc/tools/statsnoop
-rwxr-xr-x root/root      3116 2025-01-28 19:38 usr/share/bcc/tools/swapin
-rwxr-xr-x root/root      3067 2025-01-28 19:38 usr/share/bcc/tools/syncsnoop
-rwxr-xr-x root/root      8773 2025-01-28 19:38 usr/share/bcc/tools/syscount
-rwxr-xr-x root/root        58 2025-01-28 19:43 usr/share/bcc/tools/tclcalls
-rwxr-xr-x root/root        57 2025-01-28 19:43 usr/share/bcc/tools/tclflow
-rwxr-xr-x root/root        59 2025-01-28 19:43 usr/share/bcc/tools/tclobjnew
-rwxr-xr-x root/root        57 2025-01-28 19:43 usr/share/bcc/tools/tclstat
-rwxr-xr-x root/root      9222 2025-01-28 19:38 usr/share/bcc/tools/tcpaccept
-rwxr-xr-x root/root     20288 2025-01-28 19:38 usr/share/bcc/tools/tcpcong
-rwxr-xr-x root/root     18904 2025-01-28 19:38 usr/share/bcc/tools/tcpconnect
-rwxr-xr-x root/root      9287 2025-01-28 19:38 usr/share/bcc/tools/tcpconnlat
-rwxr-xr-x root/root      8296 2025-01-28 19:38 usr/share/bcc/tools/tcpdrop
-rwxr-xr-x root/root     16951 2025-01-28 19:38 usr/share/bcc/tools/tcplife
-rwxr-xr-x root/root     14100 2025-01-28 19:38 usr/share/bcc/tools/tcpretrans
-rwxr-xr-x root/root      8915 2025-01-28 19:38 usr/share/bcc/tools/tcprtt
-rwxr-xr-x root/root     14104 2025-01-28 19:38 usr/share/bcc/tools/tcpstates
-rwxr-xr-x root/root      7816 2025-01-28 19:38 usr/share/bcc/tools/tcpsubnet
-rwxr-xr-x root/root      2177 2025-01-28 19:38 usr/share/bcc/tools/tcpsynbl
-rwxr-xr-x root/root     12945 2025-01-28 19:38 usr/share/bcc/tools/tcptop
-rwxr-xr-x root/root     18132 2025-01-28 19:38 usr/share/bcc/tools/tcptracer
-rwxr-xr-x root/root      2233 2025-01-28 19:38 usr/share/bcc/tools/threadsnoop
-rwxr-xr-x root/root      4159 2025-01-28 19:38 usr/share/bcc/tools/tplist
-rwxr-xr-x root/root     43894 2025-01-28 19:38 usr/share/bcc/tools/trace
-rwxr-xr-x root/root      7770 2025-01-28 19:38 usr/share/bcc/tools/ttysnoop
-rwxr-xr-x root/root      1392 2025-01-28 19:38 usr/share/bcc/tools/vfscount
-rwxr-xr-x root/root      4943 2025-01-28 19:38 usr/share/bcc/tools/vfsstat
-rwxr-xr-x root/root      8902 2025-01-28 19:38 usr/share/bcc/tools/virtiostat
-rwxr-xr-x root/root      8306 2025-01-28 19:38 usr/share/bcc/tools/wakeuptime
-rwxr-xr-x root/root      5068 2025-01-28 19:38 usr/share/bcc/tools/wqlat
-rwxr-xr-x root/root      4725 2025-01-28 19:38 usr/share/bcc/tools/xfsdist
-rwxr-xr-x root/root      7966 2025-01-28 19:38 usr/share/bcc/tools/xfsslower
-rwxr-xr-x root/root      5437 2025-01-28 19:38 usr/share/bcc/tools/zfsdist
-rwxr-xr-x root/root      8667 2025-01-28 19:38 usr/share/bcc/tools/zfsslower


