++========================================
||
||   Package:  ./alien/alien-8.96-x86_64-2_SBo.tgz
||
++========================================
drwxr-xr-x root/root         0 2025-05-28 03:56 ./
drwxr-xr-x root/root         0 2025-05-28 03:56 install/
-rw-r--r-- root/root       129 2025-05-28 03:56 install/doinst.sh
-rw-r--r-- root/root       916 2025-05-28 03:56 install/slack-desc
drwxr-xr-x root/root         0 2025-05-28 03:56 usr/
drwxr-xr-x root/root         0 2025-05-28 03:56 usr/bin/
-r-xr-xr-x root/root     16542 2025-05-28 03:56 usr/bin/alien
drwxr-xr-x root/root         0 2025-05-28 03:56 usr/doc/
drwxr-xr-x root/root         0 2025-05-28 03:56 usr/doc/alien-8.96/
-rw-r--r-- root/root     17976 2025-05-28 03:56 usr/doc/alien-8.96/GPL
-rw-r--r-- root/root      2719 2025-05-28 03:56 usr/doc/alien-8.96/README
-rw-r--r-- root/root       448 2025-05-28 03:56 usr/doc/alien-8.96/TODO
-rw-r--r-- root/root      2783 2025-05-28 03:56 usr/doc/alien-8.96/alien.SlackBuild
drwxr-xr-x root/root         0 2025-05-28 03:56 usr/lib64/
drwxr-xr-x root/root         0 2025-05-28 03:56 usr/lib64/perl5/
drwxr-xr-x root/root         0 2025-05-28 03:56 usr/lib64/perl5/vendor_perl/
drwxr-xr-x root/root         0 2025-05-28 03:56 usr/lib64/perl5/vendor_perl/auto/
drwxr-xr-x root/root         0 2025-05-28 03:56 usr/lib64/perl5/vendor_perl/auto/Alien/
-rw-r--r-- root/root       982 2025-05-28 03:56 usr/lib64/perl5/vendor_perl/auto/Alien/.packlist
drwxr-xr-x root/root         0 2025-05-28 03:56 usr/man/
drwxr-xr-x root/root         0 2025-05-28 03:56 usr/man/man1/
-r--r--r-- root/root      4247 2025-05-28 03:56 usr/man/man1/alien.1.gz
drwxr-xr-x root/root         0 2025-05-28 03:56 usr/man/man3/
-r--r--r-- root/root      3658 2025-05-28 03:56 usr/man/man3/Alien::Package.3.gz
-r--r--r-- root/root      2233 2025-05-28 03:56 usr/man/man3/Alien::Package::Deb.3.gz
-r--r--r-- root/root      1293 2025-05-28 03:56 usr/man/man3/Alien::Package::Lsb.3.gz
-r--r--r-- root/root      1341 2025-05-28 03:56 usr/man/man3/Alien::Package::Pkg.3.gz
-r--r--r-- root/root      2018 2025-05-28 03:56 usr/man/man3/Alien::Package::Rpm.3.gz
-r--r--r-- root/root      1852 2025-05-28 03:56 usr/man/man3/Alien::Package::Slp.3.gz
-r--r--r-- root/root      1378 2025-05-28 03:56 usr/man/man3/Alien::Package::Tgz.3.gz
drwxr-xr-x root/root         0 2025-05-28 03:56 usr/share/
drwxr-xr-x root/root         0 2025-05-28 03:56 usr/share/perl5/
drwxr-xr-x root/root         0 2025-05-28 03:56 usr/share/perl5/vendor_perl/
drwxr-xr-x root/root         0 2025-05-28 03:56 usr/share/perl5/vendor_perl/Alien/
drwxr-xr-x root/root         0 2025-05-28 03:56 usr/share/perl5/vendor_perl/Alien/Package/
-r--r--r-- root/root     10601 2025-05-28 03:56 usr/share/perl5/vendor_perl/Alien/Package.pm
-r--r--r-- root/root     19966 2025-05-28 03:56 usr/share/perl5/vendor_perl/Alien/Package/Deb.pm
-r--r--r-- root/root      2261 2025-05-28 03:56 usr/share/perl5/vendor_perl/Alien/Package/Lsb.pm
-r--r--r-- root/root      7221 2025-05-28 03:56 usr/share/perl5/vendor_perl/Alien/Package/Pkg.pm
-r--r--r-- root/root     19489 2025-05-28 03:56 usr/share/perl5/vendor_perl/Alien/Package/Rpm.pm
-r--r--r-- root/root      7491 2025-05-28 03:56 usr/share/perl5/vendor_perl/Alien/Package/Slp.pm
-r--r--r-- root/root     17750 2025-05-28 03:56 usr/share/perl5/vendor_perl/Alien/Package/Tgz.pm


