++========================================
||
||   Package:  ./git-lfs/git-lfs-3.6.1-x86_64-1_SBo.tgz
||
++========================================
drwxr-xr-x root/root         0 2025-02-25 23:37 ./
drwxr-xr-x root/root         0 2025-02-25 23:37 install/
-rw-r--r-- root/root       845 2025-02-25 23:37 install/slack-desc
drwxr-xr-x root/root         0 2025-02-25 23:37 usr/
drwxr-xr-x root/root         0 2025-02-25 23:37 usr/bin/
-rwxr-xr-x root/root  12218520 2025-02-25 23:37 usr/bin/git-lfs
drwxr-xr-x root/root         0 2025-02-25 23:37 usr/doc/
drwxr-xr-x root/root         0 2025-02-25 23:37 usr/doc/git-lfs-3.6.1/
-rw-r--r-- root/root    122421 2024-12-04 04:00 usr/doc/git-lfs-3.6.1/CHANGELOG.md
-rw-r--r-- root/root     10050 2024-12-04 04:00 usr/doc/git-lfs-3.6.1/README.md
-rw-r--r-- root/root      2454 2025-02-25 23:37 usr/doc/git-lfs-3.6.1/git-lfs.SlackBuild
drwxr-xr-x root/root         0 2025-02-25 23:37 usr/man/
drwxr-xr-x root/root         0 2025-02-25 23:37 usr/man/man1/
-rw-r--r-- root/root      1540 2024-12-04 04:00 usr/man/man1/git-lfs-checkout.1.gz
-rw-r--r-- root/root       659 2024-12-04 04:00 usr/man/man1/git-lfs-clean.1.gz
-rw-r--r-- root/root      1282 2024-12-04 04:00 usr/man/man1/git-lfs-clone.1.gz
-rw-r--r-- root/root      4184 2024-12-04 04:00 usr/man/man1/git-lfs-completion.1.gz
-rw-r--r-- root/root       704 2024-12-04 04:00 usr/man/man1/git-lfs-dedup.1.gz
-rw-r--r-- root/root       433 2024-12-04 04:00 usr/man/man1/git-lfs-env.1.gz
-rw-r--r-- root/root       612 2024-12-04 04:00 usr/man/man1/git-lfs-ext.1.gz
-rw-r--r-- root/root      2593 2024-12-04 04:00 usr/man/man1/git-lfs-fetch.1.gz
-rw-r--r-- root/root      1125 2024-12-04 04:00 usr/man/man1/git-lfs-filter-process.1.gz
-rw-r--r-- root/root       951 2024-12-04 04:00 usr/man/man1/git-lfs-fsck.1.gz
-rw-r--r-- root/root      1378 2024-12-04 04:00 usr/man/man1/git-lfs-install.1.gz
-rw-r--r-- root/root       849 2024-12-04 04:00 usr/man/man1/git-lfs-lock.1.gz
-rw-r--r-- root/root      1191 2024-12-04 04:00 usr/man/man1/git-lfs-locks.1.gz
-rw-r--r-- root/root       698 2024-12-04 04:00 usr/man/man1/git-lfs-logs.1.gz
-rw-r--r-- root/root      1091 2024-12-04 04:00 usr/man/man1/git-lfs-ls-files.1.gz
-rw-r--r-- root/root      1851 2024-12-04 04:00 usr/man/man1/git-lfs-merge-driver.1.gz
-rw-r--r-- root/root      7486 2024-12-04 04:00 usr/man/man1/git-lfs-migrate.1.gz
-rw-r--r-- root/root       926 2024-12-04 04:00 usr/man/man1/git-lfs-pointer.1.gz
-rw-r--r-- root/root       594 2024-12-04 04:00 usr/man/man1/git-lfs-post-checkout.1.gz
-rw-r--r-- root/root       709 2024-12-04 04:00 usr/man/man1/git-lfs-post-commit.1.gz
-rw-r--r-- root/root       567 2024-12-04 04:00 usr/man/man1/git-lfs-post-merge.1.gz
-rw-r--r-- root/root       842 2024-12-04 04:00 usr/man/man1/git-lfs-pre-push.1.gz
-rw-r--r-- root/root      3115 2024-12-04 04:01 usr/man/man1/git-lfs-prune.1.gz
-rw-r--r-- root/root      1167 2024-12-04 04:01 usr/man/man1/git-lfs-pull.1.gz
-rw-r--r-- root/root      1038 2024-12-04 04:01 usr/man/man1/git-lfs-push.1.gz
-rw-r--r-- root/root      1182 2024-12-04 04:01 usr/man/man1/git-lfs-smudge.1.gz
-rw-r--r-- root/root       719 2024-12-04 04:01 usr/man/man1/git-lfs-standalone-file.1.gz
-rw-r--r-- root/root       785 2024-12-04 04:01 usr/man/man1/git-lfs-status.1.gz
-rw-r--r-- root/root      1535 2024-12-04 04:01 usr/man/man1/git-lfs-track.1.gz
-rw-r--r-- root/root       964 2024-12-04 04:01 usr/man/man1/git-lfs-uninstall.1.gz
-rw-r--r-- root/root       864 2024-12-04 04:01 usr/man/man1/git-lfs-unlock.1.gz
-rw-r--r-- root/root       616 2024-12-04 04:01 usr/man/man1/git-lfs-untrack.1.gz
-rw-r--r-- root/root       716 2024-12-04 04:01 usr/man/man1/git-lfs-update.1.gz
-rw-r--r-- root/root      1987 2024-12-04 04:01 usr/man/man1/git-lfs.1.gz
drwxr-xr-x root/root         0 2025-02-25 23:37 usr/man/man5/
-rw-r--r-- root/root      7480 2024-12-04 04:00 usr/man/man5/git-lfs-config.5.gz
drwxr-xr-x root/root         0 2025-02-25 23:37 usr/man/man7/
-rw-r--r-- root/root      5304 2024-12-04 04:00 usr/man/man7/git-lfs-faq.7.gz


