++========================================
||
||   Package:  ./daemonize/daemonize-1.7.8-x86_64-1_SBo.tgz
||
++========================================
drwxr-xr-x root/root         0 2024-11-14 05:39 ./
drwxr-xr-x root/root         0 2024-11-14 05:39 install/
-rw-r--r-- root/root       754 2024-11-14 05:39 install/slack-desc
drwxr-xr-x root/root         0 2024-11-14 05:39 usr/
drwxr-xr-x root/root         0 2024-11-14 05:39 usr/doc/
drwxr-xr-x root/root         0 2024-11-14 05:39 usr/doc/daemonize-1.7.8/
-rw-r--r-- root/root      2562 2016-08-10 01:42 usr/doc/daemonize-1.7.8/LICENSE.md
-rw-r--r-- root/root       937 2016-08-10 01:42 usr/doc/daemonize-1.7.8/README.md
-rw-r--r-- root/root      2394 2024-11-14 05:39 usr/doc/daemonize-1.7.8/daemonize.SlackBuild
drwxr-xr-x root/root         0 2024-11-14 05:39 usr/man/
drwxr-xr-x root/root         0 2024-11-14 05:39 usr/man/man1/
-rw-r--r-- root/root      2545 2024-11-14 05:39 usr/man/man1/daemonize.1.gz
drwxr-xr-x root/root         0 2024-11-14 05:39 usr/sbin/
-rwxr-xr-x root/root     18888 2024-11-14 05:39 usr/sbin/daemonize


